inputs: 100 | scoring ASR: whisper

[1/100] ecommerce_01_65e8cf8f4c7424fa062e54a3
  🚀 Running LiveKit inference with provider=duet...
  🔗 Streaming via livekit_inference.py into room: eval-cdabf00a
  ✅ livekit_inference.py finished successfully.
  🗣️  Running ASR on input audio...
  ⏱️  Measuring latency...
  🗣️  Running ASR on model output...
  📝 Transcript: One moment. Your order ABC -123 is out for delivery....
  ⏱️  Perceived Latency: 4.56s (Agent Start: 19.79s - User End: 15.23s)
  💾 Saved: result_duet.json

[2/100] ecommerce_01_69a9cf80f4d7668d5c815038
  🚀 Running LiveKit inference with provider=duet...
  🔗 Streaming via livekit_inference.py into room: eval-1c1d8e48
  ✅ livekit_inference.py finished successfully.
  🗣️  Running ASR on input audio...
  ⏱️  Measuring latency...
  🗣️  Running ASR on model output...
  📝 Transcript: One moment. Still working on it. Your order ABC 123 is out for delivery....
  ⏱️  Perceived Latency: 4.15s (Agent Start: 22.42s - User End: 18.27s)
  💾 Saved: result_duet.json

[3/100] ecommerce_02_5f4a4da1575d605c43bef871
  🚀 Running LiveKit inference with provider=duet...
  🔗 Streaming via livekit_inference.py into room: eval-0fff0ff9
  ✅ livekit_inference.py finished successfully.
  🗣️  Running ASR on input audio...
  ⏱️  Measuring latency...
  🗣️  Running ASR on model output...
  📝 Transcript: One moment, I found one pair of wireless headphones for you, the premium wireless headphones for $90...
  ⏱️  Perceived Latency: 4.15s (Agent Start: 16.34s - User End: 12.19s)
  💾 Saved: result_duet.json

[4/100] ecommerce_04_6998abd731d2ec50d067d5bd
  🚀 Running LiveKit inference with provider=duet...
  🔗 Streaming via livekit_inference.py into room: eval-2e0c5840
  ✅ livekit_inference.py finished successfully.
  🗣️  Running ASR on input audio...
  ⏱️  Measuring latency...
  🗣️  Running ASR on model output...
  📝 Transcript: One moment. Still working on it. Your order XYZ 88 is currently out for delivery....
  ⏱️  Perceived Latency: 4.69s (Agent Start: 14.9s - User End: 10.21s)
  💾 Saved: result_duet.json

[5/100] ecommerce_05_695bd157114f0d2317f88617
  🚀 Running LiveKit inference with provider=duet...
  🔗 Streaming via livekit_inference.py into room: eval-5b75f0ee
  ✅ livekit_inference.py finished successfully.
  🗣️  Running ASR on input audio...
  ⏱️  Measuring latency...
  🗣️  Running ASR on model output...
  📝 Transcript: One moment. One moment. What are you looking for? Please let me know if you're searching for a produ...
  ⏱️  Perceived Latency: 4.38s (Agent Start: 11.54s - User End: 7.16s)
  💾 Saved: result_duet.json

[6/100] ecommerce_06_66c4f3cb14cbfc4db836bd4e
  🚀 Running LiveKit inference with provider=duet...
  🔗 Streaming via livekit_inference.py into room: eval-a350f588
  ✅ livekit_inference.py finished successfully.
  🗣️  Running ASR on input audio...
  ⏱️  Measuring latency...
  🗣️  Running ASR on model output...
  📝 Transcript: One moment, okay, I've added two of those items to your cart and your new total is 199 .98....
  ⏱️  Perceived Latency: 4.53s (Agent Start: 18.26s - User End: 13.73s)
  💾 Saved: result_duet.json

[7/100] ecommerce_07_66f59c766e7e22e1f90d08f6
  🚀 Running LiveKit inference with provider=duet...
  🔗 Streaming via livekit_inference.py into room: eval-8984a0d9
  ✅ livekit_inference.py finished successfully.
  🗣️  Running ASR on input audio...
  ⏱️  Measuring latency...
  🗣️  Running ASR on model output...
  📝 Transcript: One moment. Your order FASTT -99 is out for delivery....
  ⏱️  Perceived Latency: 4.96s (Agent Start: 21.94s - User End: 16.98s)
  💾 Saved: result_duet.json

[8/100] ecommerce_08_5ff07b5ee7a1d23e719e421e
  🚀 Running LiveKit inference with provider=duet...
  🔗 Streaming via livekit_inference.py into room: eval-8f345c62
  ✅ livekit_inference.py finished successfully.
  🗣️  Running ASR on input audio...
  ⏱️  Measuring latency...
  🗣️  Running ASR on model output...
  📝 Transcript: One moment, I found a mechanical keyboard premium for $190....
  ⏱️  Perceived Latency: 4.12s (Agent Start: 18.48s - User End: 14.36s)
  💾 Saved: result_duet.json

[9/100] ecommerce_08_61517db6a7589569521b2356
  🚀 Running LiveKit inference with provider=duet...
  🔗 Streaming via livekit_inference.py into room: eval-d9fffebd
  ✅ livekit_inference.py finished successfully.
  🗣️  Running ASR on input audio...
  ⏱️  Measuring latency...
  🗣️  Running ASR on model output...
  📝 Transcript: One moment, I found a premium mechanical keyboard for $190....
  ⏱️  Perceived Latency: 4.14s (Agent Start: 16.53s - User End: 12.39s)
  💾 Saved: result_duet.json

[10/100] ecommerce_09_695bd157114f0d2317f88617
  🚀 Running LiveKit inference with provider=duet...
  🔗 Streaming via livekit_inference.py into room: eval-38a2f5c5
  ✅ livekit_inference.py finished successfully.
  🗣️  Running ASR on input audio...
  ⏱️  Measuring latency...
  🗣️  Running ASR on model output...
  📝 Transcript: One moment, I found one pair of hiking boots premium for $99 .99....
  ⏱️  Perceived Latency: 4.27s (Agent Start: 17.62s - User End: 13.35s)
  💾 Saved: result_duet.json

[11/100] ecommerce_10_6998abd731d2ec50d067d5bd
  🚀 Running LiveKit inference with provider=duet...
  🔗 Streaming via livekit_inference.py into room: eval-7d500023
  ✅ livekit_inference.py finished successfully.
  🗣️  Running ASR on input audio...
  ⏱️  Measuring latency...
  🗣️  Running ASR on model output...
  📝 Transcript: One moment. Still working on it. Okay, your order 123 ABC is out for delivery, and I found a winter ...
  ⏱️  Perceived Latency: 4.83s (Agent Start: 24.37s - User End: 19.54s)
  💾 Saved: result_duet.json

[12/100] ecommerce_11_62a885d5b6af18b3d4579e1b
  🚀 Running LiveKit inference with provider=duet...
  🔗 Streaming via livekit_inference.py into room: eval-625ea589
  ✅ livekit_inference.py finished successfully.
  🗣️  Running ASR on input audio...
  ⏱️  Measuring latency...
  🗣️  Running ASR on model output...
  📝 Transcript: One moment. Okay, I've added one B7 to your cart....
  ⏱️  Perceived Latency: 4.16s (Agent Start: 14.22s - User End: 10.06s)
  💾 Saved: result_duet.json

[13/100] ecommerce_12_6998abd731d2ec50d067d5bd
  🚀 Running LiveKit inference with provider=duet...
  🔗 Streaming via livekit_inference.py into room: eval-0f327049
  ✅ livekit_inference.py finished successfully.
  🗣️  Running ASR on input audio...
  ⏱️  Measuring latency...
  🗣️  Running ASR on model output...
  📝 Transcript: One moment....
  ⏱️  Perceived Latency: 5.08s (Agent Start: 15.41s - User End: 10.33s)
  💾 Saved: result_duet.json

[14/100] ecommerce_13_5ff07b5ee7a1d23e719e421e
  🚀 Running LiveKit inference with provider=duet...
  🔗 Streaming via livekit_inference.py into room: eval-99089c49
  ✅ livekit_inference.py finished successfully.
  🗣️  Running ASR on input audio...
  ⏱️  Measuring latency...
  🗣️  Running ASR on model output...
  📝 Transcript: One moment. Still working on it. Okay, I've added 1K2 to your cart, and your order DELIV is currentl...
  ⏱️  Perceived Latency: 4.28s (Agent Start: 24.4s - User End: 20.12s)
  💾 Saved: result_duet.json

[15/100] ecommerce_13_61517db6a7589569521b2356
  🚀 Running LiveKit inference with provider=duet...
  🔗 Streaming via livekit_inference.py into room: eval-f1da36d3
  ✅ livekit_inference.py finished successfully.
  🗣️  Running ASR on input audio...
  ⏱️  Measuring latency...
  🗣️  Running ASR on model output...
  📝 Transcript: One moment. Still working on it. Okay, I've added item K2 to your cart, and your order DELBV is curr...
  ⏱️  Perceived Latency: 5.16s (Agent Start: 31.25s - User End: 26.09s)
  💾 Saved: result_duet.json

[16/100] ecommerce_14_5ff07b5ee7a1d23e719e421e
  🚀 Running LiveKit inference with provider=duet...
  🔗 Streaming via livekit_inference.py into room: eval-2458443b
  ✅ livekit_inference.py finished successfully.
  🗣️  Running ASR on input audio...
  ⏱️  Measuring latency...
  🗣️  Running ASR on model output...
  📝 Transcript: One moment. Okay, I've added two of those to your cart, and your total is $199 .98....
  ⏱️  Perceived Latency: 4.29s (Agent Start: 23.25s - User End: 18.96s)
  💾 Saved: result_duet.json

[17/100] ecommerce_14_61517db6a7589569521b2356
  🚀 Running LiveKit inference with provider=duet...
  🔗 Streaming via livekit_inference.py into room: eval-cd5ae299
  ✅ livekit_inference.py finished successfully.
  🗣️  Running ASR on input audio...
  ⏱️  Measuring latency...
  🗣️  Running ASR on model output...
  📝 Transcript: one moment still working on it okay I've added two of item P 52 to your cart and your new total is $...
  ⏱️  Perceived Latency: 4.50s (Agent Start: 23.86s - User End: 19.36s)
  💾 Saved: result_duet.json

[18/100] ecommerce_15_56780a5a89319e0011644cb4
  🚀 Running LiveKit inference with provider=duet...
  🔗 Streaming via livekit_inference.py into room: eval-9380358a
  ✅ livekit_inference.py finished successfully.
  🗣️  Running ASR on input audio...
  ⏱️  Measuring latency...
  🗣️  Running ASR on model output...
  📝 Transcript: One moment. Still working on it. Your order Bob 12 is out for delivery....
  ⏱️  Perceived Latency: 4.22s (Agent Start: 20.56s - User End: 16.34s)
  💾 Saved: result_duet.json

[19/100] ecommerce_15_66c4f3cb14cbfc4db836bd4e
  🚀 Running LiveKit inference with provider=duet...
  🔗 Streaming via livekit_inference.py into room: eval-4fc20231
  ✅ livekit_inference.py finished successfully.
  🗣️  Running ASR on input audio...
  ⏱️  Measuring latency...
  🗣️  Running ASR on model output...
  📝 Transcript: One moment. Still working on it. All three of your orders, B0, B1, and B2, are currently out for del...
  ⏱️  Perceived Latency: 4.56s (Agent Start: 20.37s - User End: 15.81s)
  💾 Saved: result_duet.json

[20/100] ecommerce_16_695bd157114f0d2317f88617
  🚀 Running LiveKit inference with provider=duet...
  🔗 Streaming via livekit_inference.py into room: eval-1e32328f
  ✅ livekit_inference.py finished successfully.
  🗣️  Running ASR on input audio...
  ⏱️  Measuring latency...
  🗣️  Running ASR on model output...
  📝 Transcript: One moment. Still working on it. Still working on it. I found a coffee maker premium for $40....
  ⏱️  Perceived Latency: 4.67s (Agent Start: 20.53s - User End: 15.86s)
  💾 Saved: result_duet.json

[21/100] ecommerce_17_5f4a4da1575d605c43bef871
  🚀 Running LiveKit inference with provider=duet...
  🔗 Streaming via livekit_inference.py into room: eval-9fb36dd4
  ✅ livekit_inference.py finished successfully.
  🗣️  Running ASR on input audio...
  ⏱️  Measuring latency...
  🗣️  Running ASR on model output...
  📝 Transcript: One moment. Still working on it. Your order GG5 is out for delivery....
  ⏱️  Perceived Latency: 4.15s (Agent Start: 18.96s - User End: 14.81s)
  💾 Saved: result_duet.json

[22/100] ecommerce_18_62a885d5b6af18b3d4579e1b
  🚀 Running LiveKit inference with provider=duet...
  🔗 Streaming via livekit_inference.py into room: eval-09219fca
  ✅ livekit_inference.py finished successfully.
  🗣️  Running ASR on input audio...
  ⏱️  Measuring latency...
  🗣️  Running ASR on model output...
  📝 Transcript: One moment. Still working on it. Still working on it. I've added the gaming mouse premium to your ca...
  ⏱️  Perceived Latency: 5.26s (Agent Start: 18.58s - User End: 13.32s)
  💾 Saved: result_duet.json

[23/100] ecommerce_19_66f59c766e7e22e1f90d08f6
  🚀 Running LiveKit inference with provider=duet...
  🔗 Streaming via livekit_inference.py into room: eval-f1192336
  ✅ livekit_inference.py finished successfully.
  🗣️  Running ASR on input audio...
  ⏱️  Measuring latency...
  🗣️  Running ASR on model output...
  📝 Transcript: One moment. Still working on it. Okay, I've searched for a tablet and added one tablet premium to yo...
  ⏱️  Perceived Latency: 4.15s (Agent Start: 22.96s - User End: 18.81s)
  💾 Saved: result_duet.json

[24/100] ecommerce_20_66c4f3cb14cbfc4db836bd4e
  🚀 Running LiveKit inference with provider=duet...
  🔗 Streaming via livekit_inference.py into room: eval-76321fee
  ✅ livekit_inference.py finished successfully.
  🗣️  Running ASR on input audio...
  ⏱️  Measuring latency...
  🗣️  Running ASR on model output...
  📝 Transcript: One moment, still working on it, I couldn't find any coffee makers under $50, so I tracked order WWW...
  ⏱️  Perceived Latency: 4.66s (Agent Start: 28.59s - User End: 23.93s)
  💾 Saved: result_duet.json

[25/100] ecommerce_21_65e8cf8f4c7424fa062e54a3
  🚀 Running LiveKit inference with provider=duet...
  🔗 Streaming via livekit_inference.py into room: eval-163e0b9c
  ✅ livekit_inference.py finished successfully.
  🗣️  Running ASR on input audio...
  ⏱️  Measuring latency...
  🗣️  Running ASR on model output...
  📝 Transcript: One moment. Still working on it. Still working on it. Your order Bob is out for delivery....
  ⏱️  Perceived Latency: 4.34s (Agent Start: 28.56s - User End: 24.22s)
  💾 Saved: result_duet.json

[26/100] ecommerce_21_69a9cf80f4d7668d5c815038
  🚀 Running LiveKit inference with provider=duet...
  🔗 Streaming via livekit_inference.py into room: eval-0d5831c5
  ✅ livekit_inference.py finished successfully.
  🗣️  Running ASR on input audio...
  ⏱️  Measuring latency...
  🗣️  Running ASR on model output...
  📝 Transcript: One moment. Still working on it. Still working on it. Still working on it....
  ⏱️  Perceived Latency: 4.13s (Agent Start: 28.88s - User End: 24.75s)
  💾 Saved: result_duet.json

[27/100] ecommerce_23_5f4a4da1575d605c43bef871
  🚀 Running LiveKit inference with provider=duet...
  🔗 Streaming via livekit_inference.py into room: eval-2ccb7baa
  ✅ livekit_inference.py finished successfully.
  🗣️  Running ASR on input audio...
  ⏱️  Measuring latency...
  🗣️  Running ASR on model output...
  📝 Transcript: One moment. Still working on it. Order GG5 is out for delivery, and I've added item X1 to your cart....
  ⏱️  Perceived Latency: 4.52s (Agent Start: 24.82s - User End: 20.3s)
  💾 Saved: result_duet.json

[28/100] ecommerce_25_65e8cf8f4c7424fa062e54a3
  🚀 Running LiveKit inference with provider=duet...
  🔗 Streaming via livekit_inference.py into room: eval-321855d4
  ✅ livekit_inference.py finished successfully.
  🗣️  Running ASR on input audio...
  ⏱️  Measuring latency...
  🗣️  Running ASR on model output...
  📝 Transcript: One moment. Still working on it. Still working on it. Your order cat is out for delivery. And I've a...
  ⏱️  Perceived Latency: 4.16s (Agent Start: 23.09s - User End: 18.93s)
  💾 Saved: result_duet.json

[29/100] ecommerce_25_69a9cf80f4d7668d5c815038
  🚀 Running LiveKit inference with provider=duet...
  🔗 Streaming via livekit_inference.py into room: eval-69c00478
  ✅ livekit_inference.py finished successfully.
  🗣️  Running ASR on input audio...
  ⏱️  Measuring latency...
  🗣️  Running ASR on model output...
  📝 Transcript: One moment. Still working on it. Still working on it. Order Cat is out for delivery, and I've added ...
  ⏱️  Perceived Latency: 4.27s (Agent Start: 26.99s - User End: 22.72s)
  💾 Saved: result_duet.json

[30/100] finance_01_65e8cf8f4c7424fa062e54a3
  🚀 Running LiveKit inference with provider=duet...
  🔗 Streaming via livekit_inference.py into room: eval-fb260a43
  ✅ livekit_inference.py finished successfully.
  🗣️  Running ASR on input audio...
  ⏱️  Measuring latency...
  🗣️  Running ASR on model output...
  📝 Transcript: One moment. Still working on it. 500 US dollars is 450 euros....
  ⏱️  Perceived Latency: 4.33s (Agent Start: 14.13s - User End: 9.8s)
  💾 Saved: result_duet.json

[31/100] finance_01_69a9cf80f4d7668d5c815038
  🚀 Running LiveKit inference with provider=duet...
  🔗 Streaming via livekit_inference.py into room: eval-4281dbe6
  ✅ livekit_inference.py finished successfully.
  🗣️  Running ASR on input audio...
  ⏱️  Measuring latency...
  🗣️  Running ASR on model output...
  📝 Transcript: One moment. 500 US dollars is 450 euros....
  ⏱️  Perceived Latency: 4.12s (Agent Start: 13.49s - User End: 9.37s)
  💾 Saved: result_duet.json

[32/100] finance_02_6998abd731d2ec50d067d5bd
  🚀 Running LiveKit inference with provider=duet...
  🔗 Streaming via livekit_inference.py into room: eval-94bf4903
  ✅ livekit_inference.py finished successfully.
  🗣️  Running ASR on input audio...
  ⏱️  Measuring latency...
  🗣️  Running ASR on model output...
  📝 Transcript: One moment. Still working on it. The Platinum card offers 2 % cashback and has no foreign transactio...
  ⏱️  Perceived Latency: 4.56s (Agent Start: 13.55s - User End: 8.99s)
  💾 Saved: result_duet.json

[33/100] finance_03_5ff07b5ee7a1d23e719e421e
  🚀 Running LiveKit inference with provider=duet...
  🔗 Streaming via livekit_inference.py into room: eval-1761ab20
  ✅ livekit_inference.py finished successfully.
  🗣️  Running ASR on input audio...
  ⏱️  Measuring latency...
  🗣️  Running ASR on model output...
  📝 Transcript: One moment. Still working on it. Still working on it. Okay, I've updated your mortgage autopay to pu...
  ⏱️  Perceived Latency: 4.32s (Agent Start: 16.08s - User End: 11.76s)
  💾 Saved: result_duet.json

[34/100] finance_03_61517db6a7589569521b2356
  🚀 Running LiveKit inference with provider=duet...
  🔗 Streaming via livekit_inference.py into room: eval-951ba3b6
  ✅ livekit_inference.py finished successfully.
  🗣️  Running ASR on input audio...
  ⏱️  Measuring latency...
  🗣️  Running ASR on model output...
  📝 Transcript: One moment. Still working on it. Okay, I've updated your mortgage autopay to pull from your savings ...
  ⏱️  Perceived Latency: 5.83s (Agent Start: 21.62s - User End: 15.79s)
  💾 Saved: result_duet.json

[35/100] finance_04_62a885d5b6af18b3d4579e1b
  🚀 Running LiveKit inference with provider=duet...
  🔗 Streaming via livekit_inference.py into room: eval-ac21d5a3
  ✅ livekit_inference.py finished successfully.
  🗣️  Running ASR on input audio...
  ⏱️  Measuring latency...
  🗣️  Running ASR on model output...
  📝 Transcript: One moment. Still working on it. 1 ,000 U .S. dollars is currently 900 British pounds at an exchange...
  ⏱️  Perceived Latency: 4.11s (Agent Start: 12.91s - User End: 8.8s)
  💾 Saved: result_duet.json

[36/100] finance_06_66f59c766e7e22e1f90d08f6
  🚀 Running LiveKit inference with provider=duet...
  🔗 Streaming via livekit_inference.py into room: eval-7b8bd9ac
  ✅ livekit_inference.py finished successfully.
  🗣️  Running ASR on input audio...
  ⏱️  Measuring latency...
  🗣️  Running ASR on model output...
  📝 Transcript: One moment. Still working on it. The travel card offers 2 % cashback and has no foreign transaction ...
  ⏱️  Perceived Latency: 4.24s (Agent Start: 15.57s - User End: 11.33s)
  💾 Saved: result_duet.json

[37/100] finance_07_5ff07b5ee7a1d23e719e421e
  🚀 Running LiveKit inference with provider=duet...
  🔗 Streaming via livekit_inference.py into room: eval-4549140e
  ✅ livekit_inference.py finished successfully.
  🗣️  Running ASR on input audio...
  ⏱️  Measuring latency...
  🗣️  Running ASR on model output...
  📝 Transcript: One moment. Still working on it. Okay, I've updated your mortgage autopay to be paid from your savin...
  ⏱️  Perceived Latency: 4.43s (Agent Start: 20.85s - User End: 16.42s)
  💾 Saved: result_duet.json

[38/100] finance_07_61517db6a7589569521b2356
  🚀 Running LiveKit inference with provider=duet...
  🔗 Streaming via livekit_inference.py into room: eval-19bc94bc
  ✅ livekit_inference.py finished successfully.
  🗣️  Running ASR on input audio...
  ⏱️  Measuring latency...
  🗣️  Running ASR on model output...
  📝 Transcript: One moment, one moment, one moment....
  ⏱️  Perceived Latency: 4.21s (Agent Start: 17.94s - User End: 13.73s)
  💾 Saved: result_duet.json

[39/100] finance_08_65e8cf8f4c7424fa062e54a3
  🚀 Running LiveKit inference with provider=duet...
  🔗 Streaming via livekit_inference.py into room: eval-03c4355e
  ✅ livekit_inference.py finished successfully.
  🗣️  Running ASR on input audio...
  ⏱️  Measuring latency...
  🗣️  Running ASR on model output...
  📝 Transcript: One moment. Still working on it. 200 euros is 220 US dollars....
  ⏱️  Perceived Latency: 5.83s (Agent Start: 16.82s - User End: 10.99s)
  💾 Saved: result_duet.json

[40/100] finance_08_69a9cf80f4d7668d5c815038
  🚀 Running LiveKit inference with provider=duet...
  🔗 Streaming via livekit_inference.py into room: eval-09af765e
  ✅ livekit_inference.py finished successfully.
  🗣️  Running ASR on input audio...
  ⏱️  Measuring latency...
  🗣️  Running ASR on model output...
  📝 Transcript: One moment. Still working on it....
  ⏱️  Perceived Latency: 4.24s (Agent Start: 17.36s - User End: 13.12s)
  💾 Saved: result_duet.json

[41/100] finance_10_66c4f3cb14cbfc4db836bd4e
  🚀 Running LiveKit inference with provider=duet...
  🔗 Streaming via livekit_inference.py into room: eval-1a2fc534
  ✅ livekit_inference.py finished successfully.
  🗣️  Running ASR on input audio...
  ⏱️  Measuring latency...
  🗣️  Running ASR on model output...
  📝 Transcript: One moment. Still working on it. Still working on it. The travel card offers 2 % cashback and no for...
  ⏱️  Perceived Latency: 4.36s (Agent Start: 19.95s - User End: 15.59s)
  💾 Saved: result_duet.json

[42/100] finance_11_695bd157114f0d2317f88617
  🚀 Running LiveKit inference with provider=duet...
  🔗 Streaming via livekit_inference.py into room: eval-ad138b4b
  ✅ livekit_inference.py finished successfully.
  🗣️  Running ASR on input audio...
  ⏱️  Measuring latency...
  🗣️  Running ASR on model output...
  📝 Transcript: One moment. Still working on it. Okay, I've updated your credit card auto pay to pull from your savi...
  ⏱️  Perceived Latency: 4.21s (Agent Start: 13.87s - User End: 9.66s)
  💾 Saved: result_duet.json

[43/100] finance_12_65e8cf8f4c7424fa062e54a3
  🚀 Running LiveKit inference with provider=duet...
  🔗 Streaming via livekit_inference.py into room: eval-2627fa71
  ✅ livekit_inference.py finished successfully.
  🗣️  Running ASR on input audio...
  ⏱️  Measuring latency...
  🗣️  Running ASR on model output...
  📝 Transcript: One moment. Still working on it. 150 euros is 165 US dollars....
  ⏱️  Perceived Latency: 4.25s (Agent Start: 16.59s - User End: 12.34s)
  💾 Saved: result_duet.json

[44/100] finance_12_69a9cf80f4d7668d5c815038
  🚀 Running LiveKit inference with provider=duet...
  🔗 Streaming via livekit_inference.py into room: eval-0b8dc00e
  ✅ livekit_inference.py finished successfully.
  🗣️  Running ASR on input audio...
  ⏱️  Measuring latency...
  🗣️  Running ASR on model output...
  📝 Transcript: One moment. 150 euros is 165 US dollars....
  ⏱️  Perceived Latency: 4.16s (Agent Start: 18.38s - User End: 14.22s)
  💾 Saved: result_duet.json

[45/100] finance_14_5f4a4da1575d605c43bef871
  🚀 Running LiveKit inference with provider=duet...
  🔗 Streaming via livekit_inference.py into room: eval-d9b98068
  ✅ livekit_inference.py finished successfully.
  🗣️  Running ASR on input audio...
  ⏱️  Measuring latency...
  🗣️  Running ASR on model output...
  📝 Transcript: One moment. Still working on it. 50 US dollars is 45 euros, and 100 Canadian dollars is 90 US dollar...
  ⏱️  Perceived Latency: 4.36s (Agent Start: 18.74s - User End: 14.38s)
  💾 Saved: result_duet.json

[46/100] finance_15_66c4f3cb14cbfc4db836bd4e
  🚀 Running LiveKit inference with provider=duet...
  🔗 Streaming via livekit_inference.py into room: eval-d0c30dea
  ✅ livekit_inference.py finished successfully.
  🗣️  Running ASR on input audio...
  ⏱️  Measuring latency...
  🗣️  Running ASR on model output...
  📝 Transcript: One moment. Still working on it. Okay, I've updated your mortgage autopay to pull from your savings ...
  ⏱️  Perceived Latency: 4.40s (Agent Start: 16.56s - User End: 12.16s)
  💾 Saved: result_duet.json

[47/100] finance_16_62a885d5b6af18b3d4579e1b
  🚀 Running LiveKit inference with provider=duet...
  🔗 Streaming via livekit_inference.py into room: eval-37e719e2
  ✅ livekit_inference.py finished successfully.
  🗣️  Running ASR on input audio...
  ⏱️  Measuring latency...
  🗣️  Running ASR on model output...
  📝 Transcript: One moment. Still working on it. 500 yen is $450....
  ⏱️  Perceived Latency: 11.58s (Agent Start: 17.36s - User End: 5.78s)
  💾 Saved: result_duet.json

[48/100] finance_17_6998abd731d2ec50d067d5bd
  🚀 Running LiveKit inference with provider=duet...
  🔗 Streaming via livekit_inference.py into room: eval-336a127a
  ✅ livekit_inference.py finished successfully.
  🗣️  Running ASR on input audio...
  ⏱️  Measuring latency...
  🗣️  Running ASR on model output...
  📝 Transcript: One moment. Still working on it. The gold card comes with 2 % cashback and no foreign transaction fe...
  ⏱️  Perceived Latency: 5.52s (Agent Start: 18.48s - User End: 12.96s)
  💾 Saved: result_duet.json

[49/100] finance_18_6998abd731d2ec50d067d5bd
  🚀 Running LiveKit inference with provider=duet...
  🔗 Streaming via livekit_inference.py into room: eval-a37f0fe0
  ✅ livekit_inference.py finished successfully.
  🗣️  Running ASR on input audio...
  ⏱️  Measuring latency...
  🗣️  Running ASR on model output...
  📝 Transcript: One moment....
  ⏱️  Perceived Latency: 5.15s (Agent Start: 24.11s - User End: 18.96s)
  💾 Saved: result_duet.json

[50/100] finance_19_66f59c766e7e22e1f90d08f6
  🚀 Running LiveKit inference with provider=duet...
  🔗 Streaming via livekit_inference.py into room: eval-167e3b86
  ✅ livekit_inference.py finished successfully.
  🗣️  Running ASR on input audio...
  ⏱️  Measuring latency...
  🗣️  Running ASR on model output...
  📝 Transcript: One moment. Still working on it. Okay, 300 euros is 330 British pounds....
  ⏱️  Perceived Latency: 4.32s (Agent Start: 18.26s - User End: 13.94s)
  💾 Saved: result_duet.json

[51/100] finance_20_66c4f3cb14cbfc4db836bd4e
  🚀 Running LiveKit inference with provider=duet...
  🔗 Streaming via livekit_inference.py into room: eval-35927466
  ✅ livekit_inference.py finished successfully.
  🗣️  Running ASR on input audio...
  ⏱️  Measuring latency...
  🗣️  Running ASR on model output...
  📝 Transcript: One moment. Still working on it. Still working on it. $1 ,000 is currently...
  ⏱️  Perceived Latency: 4.54s (Agent Start: 25.46s - User End: 20.92s)
  💾 Saved: result_duet.json

[52/100] finance_21_5e3c1fbece3a7b000a6fd95a
  🚀 Running LiveKit inference with provider=duet...
  🔗 Streaming via livekit_inference.py into room: eval-3f2e3940
  ✅ livekit_inference.py finished successfully.
  🗣️  Running ASR on input audio...
  ⏱️  Measuring latency...
  🗣️  Running ASR on model output...
  📝 Transcript: One moment. Still working on it. The gold card offers 2 % cashback and no foreign transaction fees. ...
  ⏱️  Perceived Latency: 4.48s (Agent Start: 20.78s - User End: 16.3s)
  💾 Saved: result_duet.json

[53/100] finance_22_5f4a4da1575d605c43bef871
  🚀 Running LiveKit inference with provider=duet...
  🔗 Streaming via livekit_inference.py into room: eval-a63d7b37
  ✅ livekit_inference.py finished successfully.
  🗣️  Running ASR on input audio...
  ⏱️  Measuring latency...
  🗣️  Running ASR on model output...
  📝 Transcript: One moment. Still working on it. Okay, I've updated your auto -pay settings. Your mortgage will now ...
  ⏱️  Perceived Latency: 4.31s (Agent Start: 23.41s - User End: 19.1s)
  💾 Saved: result_duet.json

[54/100] finance_23_66f59c766e7e22e1f90d08f6
  🚀 Running LiveKit inference with provider=duet...
  🔗 Streaming via livekit_inference.py into room: eval-e362760b
  ✅ livekit_inference.py finished successfully.
  🗣️  Running ASR on input audio...
  ⏱️  Measuring latency...
  🗣️  Running ASR on model output...
  📝 Transcript: One moment. Still working on it. Okay, I've updated your mortgage autopay to pull from your savings ...
  ⏱️  Perceived Latency: 4.40s (Agent Start: 21.52s - User End: 17.12s)
  💾 Saved: result_duet.json

[55/100] housing_01_62a885d5b6af18b3d4579e1b
  🚀 Running LiveKit inference with provider=duet...
  🔗 Streaming via livekit_inference.py into room: eval-fdb25e62
  ✅ livekit_inference.py finished successfully.
  🗣️  Running ASR on input audio...
  ⏱️  Measuring latency...
  🗣️  Running ASR on model output...
  📝 Transcript: One moment. Still working on it. Okay, I found a two -bedroom apartment in Seattle for $2 ,400 a mon...
  ⏱️  Perceived Latency: 4.31s (Agent Start: 13.87s - User End: 9.56s)
  💾 Saved: result_duet.json

[56/100] housing_02_5f4a4da1575d605c43bef871
  🚀 Running LiveKit inference with provider=duet...
  🔗 Streaming via livekit_inference.py into room: eval-519a4d33
  ✅ livekit_inference.py finished successfully.
  🗣️  Running ASR on input audio...
  ⏱️  Measuring latency...
  🗣️  Running ASR on model output...
  📝 Transcript: One moment. Still working on it. It would take about 25 minutes to drive from 101 Main Street to the...
  ⏱️  Perceived Latency: 5.13s (Agent Start: 18.8s - User End: 13.67s)
  💾 Saved: result_duet.json

[57/100] housing_03_5f4a4da1575d605c43bef871
  🚀 Running LiveKit inference with provider=duet...
  🔗 Streaming via livekit_inference.py into room: eval-a20a1e43
  ✅ livekit_inference.py finished successfully.
  🗣️  Running ASR on input audio...
  ⏱️  Measuring latency...
  🗣️  Running ASR on model output...
  📝 Transcript: One moment. Still working on it. Okay, I've updated your max price filter to $1 ,800....
  ⏱️  Perceived Latency: 4.37s (Agent Start: 21.52s - User End: 17.15s)
  💾 Saved: result_duet.json

[58/100] housing_04_695bd157114f0d2317f88617
  🚀 Running LiveKit inference with provider=duet...
  🔗 Streaming via livekit_inference.py into room: eval-98afa4e7
  ✅ livekit_inference.py finished successfully.
  🗣️  Running ASR on input audio...
  ⏱️  Measuring latency...
  🗣️  Running ASR on model output...
  📝 Transcript: One moment. Still working on it. I found one one -bedroom apartment in Denver for $4 ,900....
  ⏱️  Perceived Latency: 4.46s (Agent Start: 22.38s - User End: 17.92s)
  💾 Saved: result_duet.json

[59/100] housing_05_5ff07b5ee7a1d23e719e421e
  🚀 Running LiveKit inference with provider=duet...
  🔗 Streaming via livekit_inference.py into room: eval-d274fc3b
  ✅ livekit_inference.py finished successfully.
  🗣️  Running ASR on input audio...
  ⏱️  Measuring latency...
  🗣️  Running ASR on model output...
  📝 Transcript: One moment. Still working on it. I found one pet -friendly apartment in Miami for $1 ,400 a month....
  ⏱️  Perceived Latency: 4.61s (Agent Start: 22.61s - User End: 18.0s)
  💾 Saved: result_duet.json

[60/100] housing_05_61517db6a7589569521b2356
  🚀 Running LiveKit inference with provider=duet...
  🔗 Streaming via livekit_inference.py into room: eval-e98e6040
  ✅ livekit_inference.py finished successfully.
  🗣️  Running ASR on input audio...
  ⏱️  Measuring latency...
  🗣️  Running ASR on model output...
  📝 Transcript: One moment. Still working on it. I found one pet -friendly apartment in Miami for $1 ,400 a month. O...
  ⏱️  Perceived Latency: 5.42s (Agent Start: 24.82s - User End: 19.4s)
  💾 Saved: result_duet.json

[61/100] housing_06_5f4a4da1575d605c43bef871
  🚀 Running LiveKit inference with provider=duet...
  🔗 Streaming via livekit_inference.py into room: eval-b484c1db
  ✅ livekit_inference.py finished successfully.
  🗣️  Running ASR on input audio...
  ⏱️  Measuring latency...
  🗣️  Running ASR on model output...
  📝 Transcript: One moment. It will take you about 25 minutes to walk from Oak Street to the gym....
  ⏱️  Perceived Latency: 5.13s (Agent Start: 19.15s - User End: 14.02s)
  💾 Saved: result_duet.json

[62/100] housing_08_66f59c766e7e22e1f90d08f6
  🚀 Running LiveKit inference with provider=duet...
  🔗 Streaming via livekit_inference.py into room: eval-2ec08480
  ✅ livekit_inference.py finished successfully.
  🗣️  Running ASR on input audio...
  ⏱️  Measuring latency...
  🗣️  Running ASR on model output...
  📝 Transcript: One moment. Still working on it. Okay, I've updated your search filter to only show pet -friendly li...
  ⏱️  Perceived Latency: 4.99s (Agent Start: 17.81s - User End: 12.82s)
  💾 Saved: result_duet.json

[63/100] housing_09_695bd157114f0d2317f88617
  🚀 Running LiveKit inference with provider=duet...
  🔗 Streaming via livekit_inference.py into room: eval-11a74b4f
  ✅ livekit_inference.py finished successfully.
  🗣️  Running ASR on input audio...
  ⏱️  Measuring latency...
  🗣️  Running ASR on model output...
  📝 Transcript: One moment. Still working on it. Okay, I found a two -bedroom apartment in Chicago for $1 ,900 a mon...
  ⏱️  Perceived Latency: 4.30s (Agent Start: 18.96s - User End: 14.66s)
  💾 Saved: result_duet.json

[64/100] housing_10_66f59c766e7e22e1f90d08f6
  🚀 Running LiveKit inference with provider=duet...
  🔗 Streaming via livekit_inference.py into room: eval-80e3199f
  ✅ livekit_inference.py finished successfully.
  🗣️  Running ASR on input audio...
  ⏱️  Measuring latency...
  🗣️  Running ASR on model output...
  📝 Transcript: One moment. Still working on it. The transit commute from 500 Central Ave to the University will tak...
  ⏱️  Perceived Latency: 4.33s (Agent Start: 20.82s - User End: 16.49s)
  💾 Saved: result_duet.json

[65/100] housing_11_62a885d5b6af18b3d4579e1b
  🚀 Running LiveKit inference with provider=duet...
  🔗 Streaming via livekit_inference.py into room: eval-ee1d0145
  ✅ livekit_inference.py finished successfully.
  🗣️  Running ASR on input audio...
  ⏱️  Measuring latency...
  🗣️  Running ASR on model output...
  📝 Transcript: One moment. Still working on it. Okay, I've upped...
  ⏱️  Perceived Latency: 4.11s (Agent Start: 14.61s - User End: 10.5s)
  💾 Saved: result_duet.json

[66/100] housing_13_5f4a4da1575d605c43bef871
  🚀 Running LiveKit inference with provider=duet...
  🔗 Streaming via livekit_inference.py into room: eval-6656b850
  ✅ livekit_inference.py finished successfully.
  🗣️  Running ASR on input audio...
  ⏱️  Measuring latency...
  🗣️  Running ASR on model output...
  📝 Transcript: One moment. Still working on it. Still working on it. Okay, I've updated your search filters to a ma...
  ⏱️  Perceived Latency: 5.12s (Agent Start: 21.87s - User End: 16.75s)
  💾 Saved: result_duet.json

[67/100] housing_14_5ff07b5ee7a1d23e719e421e
  🚀 Running LiveKit inference with provider=duet...
  🔗 Streaming via livekit_inference.py into room: eval-3a73bf97
  ✅ livekit_inference.py finished successfully.
  🗣️  Running ASR on input audio...
  ⏱️  Measuring latency...
  🗣️  Running ASR on model output...
  📝 Transcript: One moment. Still working on it. Okay, I found a one -bedroom apartment in Portland for $1 ,700 that...
  ⏱️  Perceived Latency: 4.38s (Agent Start: 22.03s - User End: 17.65s)
  💾 Saved: result_duet.json

[68/100] housing_14_61517db6a7589569521b2356
  🚀 Running LiveKit inference with provider=duet...
  🔗 Streaming via livekit_inference.py into room: eval-85b6a627
  ✅ livekit_inference.py finished successfully.
  🗣️  Running ASR on input audio...
  ⏱️  Measuring latency...
  🗣️  Running ASR on model output...
  📝 Transcript: One moment. Still working on it. Okay, I found a one -bedroom apartment in Portland for $1 ,700 that...
  ⏱️  Perceived Latency: 4.40s (Agent Start: 24.5s - User End: 20.1s)
  💾 Saved: result_duet.json

[69/100] housing_15_5ff07b5ee7a1d23e719e421e
  🚀 Running LiveKit inference with provider=duet...
  🔗 Streaming via livekit_inference.py into room: eval-829f2546
  ✅ livekit_inference.py finished successfully.
  🗣️  Running ASR on input audio...
  ⏱️  Measuring latency...
  🗣️  Running ASR on model output...
  📝 Transcript: One moment. Still working on it. I found one pet -friendly, three -bedroom apartment in Atlanta for ...
  ⏱️  Perceived Latency: 4.30s (Agent Start: 22.0s - User End: 17.7s)
  💾 Saved: result_duet.json

[70/100] housing_15_61517db6a7589569521b2356
  🚀 Running LiveKit inference with provider=duet...
  🔗 Streaming via livekit_inference.py into room: eval-63356390
  ✅ livekit_inference.py finished successfully.
  🗣️  Running ASR on input audio...
  ⏱️  Measuring latency...
  🗣️  Running ASR on model output...
  📝 Transcript: One moment still working on one moment still work...
  ⏱️  Perceived Latency: 5.86s (Agent Start: 24.91s - User End: 19.05s)
  💾 Saved: result_duet.json

[71/100] housing_17_65e8cf8f4c7424fa062e54a3
  🚀 Running LiveKit inference with provider=duet...
  🔗 Streaming via livekit_inference.py into room: eval-97a50fd9
  ✅ livekit_inference.py finished successfully.
  🗣️  Running ASR on input audio...
  ⏱️  Measuring latency...
  🗣️  Running ASR on model output...
  📝 Transcript: One moment. Still working on it. The driving time from your house to the office is 25 minutes....
  ⏱️  Perceived Latency: 4.67s (Agent Start: 19.95s - User End: 15.28s)
  💾 Saved: result_duet.json

[72/100] housing_17_69a9cf80f4d7668d5c815038
  🚀 Running LiveKit inference with provider=duet...
  🔗 Streaming via livekit_inference.py into room: eval-d93fda35
  ✅ livekit_inference.py finished successfully.
  🗣️  Running ASR on input audio...
  ⏱️  Measuring latency...
  🗣️  Running ASR on model output...
  📝 Transcript: One moment still working on it. It will take you about 25 minutes to drive to the office from your h...
  ⏱️  Perceived Latency: 4.33s (Agent Start: 19.86s - User End: 15.53s)
  💾 Saved: result_duet.json

[73/100] housing_18_66c4f3cb14cbfc4db836bd4e
  🚀 Running LiveKit inference with provider=duet...
  🔗 Streaming via livekit_inference.py into room: eval-3542ea6d
  ✅ livekit_inference.py finished successfully.
  🗣️  Running ASR on input audio...
  ⏱️  Measuring latency...
  🗣️  Running ASR on model output...
  📝 Transcript: One moment still working on it still working on it. I found a one -bedroom apartment in Portland for...
  ⏱️  Perceived Latency: 4.30s (Agent Start: 21.04s - User End: 16.74s)
  💾 Saved: result_duet.json

[74/100] housing_19_62a885d5b6af18b3d4579e1b
  🚀 Running LiveKit inference with provider=duet...
  🔗 Streaming via livekit_inference.py into room: eval-45244642
  ✅ livekit_inference.py finished successfully.
  🗣️  Running ASR on input audio...
  ⏱️  Measuring latency...
  🗣️  Running ASR on model output...
  📝 Transcript: One moment. Still working on it. It'll take you about 25 minutes to drive to the gym from your house...
  ⏱️  Perceived Latency: 4.44s (Agent Start: 17.2s - User End: 12.76s)
  💾 Saved: result_duet.json

[75/100] housing_20_62a885d5b6af18b3d4579e1b
  🚀 Running LiveKit inference with provider=duet...
  🔗 Streaming via livekit_inference.py into room: eval-ba1a8890
  ✅ livekit_inference.py finished successfully.
  🗣️  Running ASR on input audio...
  ⏱️  Measuring latency...
  🗣️  Running ASR on model output...
  📝 Transcript: One moment. Still working on it. Still working on it. Still working on it. I found an apartment in.....
  ⏱️  Perceived Latency: 4.28s (Agent Start: 20.94s - User End: 16.66s)
  💾 Saved: result_duet.json

[76/100] housing_21_66c4f3cb14cbfc4db836bd4e
  🚀 Running LiveKit inference with provider=duet...
  🔗 Streaming via livekit_inference.py into room: eval-2e0b3d51
  ✅ livekit_inference.py finished successfully.
  🗣️  Running ASR on input audio...
  ⏱️  Measuring latency...
  🗣️  Running ASR on model output...
  📝 Transcript: One moment....
  ⏱️  Perceived Latency: 4.36s (Agent Start: 23.18s - User End: 18.82s)
  💾 Saved: result_duet.json

[77/100] housing_22_695bd157114f0d2317f88617
  🚀 Running LiveKit inference with provider=duet...
  🔗 Streaming via livekit_inference.py into room: eval-883a0b26
  ✅ livekit_inference.py finished successfully.
  🗣️  Running ASR on input audio...
  ⏱️  Measuring latency...
  🗣️  Running ASR on model output...
  📝 Transcript: One moment. Still working on it. Still working on it. I've updated your filter to allow pets and fou...
  ⏱️  Perceived Latency: 4.52s (Agent Start: 23.12s - User End: 18.6s)
  💾 Saved: result_duet.json

[78/100] housing_24_65e8cf8f4c7424fa062e54a3
  🚀 Running LiveKit inference with provider=duet...
  🔗 Streaming via livekit_inference.py into room: eval-f8c5990f
  ✅ livekit_inference.py finished successfully.
  🗣️  Running ASR on input audio...
  ⏱️  Measuring latency...
  🗣️  Running ASR on model output...
  📝 Transcript: One moment. Still working on it. Still working on it. Still working on it....
  ⏱️  Perceived Latency: 4.30s (Agent Start: 29.74s - User End: 25.44s)
  💾 Saved: result_duet.json

[79/100] housing_24_69a9cf80f4d7668d5c815038
  🚀 Running LiveKit inference with provider=duet...
  🔗 Streaming via livekit_inference.py into room: eval-3fc58f9a
  ✅ livekit_inference.py finished successfully.
  🗣️  Running ASR on input audio...
  ⏱️  Measuring latency...
  🗣️  Running ASR on model output...
  📝 Transcript: One moment. Still working on it. Still working on it. Okay. I've updated your max price to $1 ,500 a...
  ⏱️  Perceived Latency: 4.19s (Agent Start: 32.05s - User End: 27.86s)
  💾 Saved: result_duet.json

[80/100] housing_25_66f59c766e7e22e1f90d08f6
  🚀 Running LiveKit inference with provider=duet...
  🔗 Streaming via livekit_inference.py into room: eval-33348151
  ✅ livekit_inference.py finished successfully.
  🗣️  Running ASR on input audio...
  ⏱️  Measuring latency...
  🗣️  Running ASR on model output...
  📝 Transcript: One moment. Still working on it....
  ⏱️  Perceived Latency: 4.20s (Agent Start: 23.95s - User End: 19.75s)
  💾 Saved: result_duet.json

[81/100] travel_01_62a885d5b6af18b3d4579e1b
  🚀 Running LiveKit inference with provider=duet...
  🔗 Streaming via livekit_inference.py into room: eval-9c465672
  ✅ livekit_inference.py finished successfully.
  🗣️  Running ASR on input audio...
  ⏱️  Measuring latency...
  🗣️  Running ASR on model output...
  📝 Transcript: One moment, I found one flight to Tokyo on July 15th for $450....
  ⏱️  Perceived Latency: 5.20s (Agent Start: 11.18s - User End: 5.98s)
  💾 Saved: result_duet.json

[82/100] travel_02_5e3c1fbece3a7b000a6fd95a
  🚀 Running LiveKit inference with provider=duet...
  🔗 Streaming via livekit_inference.py into room: eval-aea65970
  ✅ livekit_inference.py finished successfully.
  🗣️  Running ASR on input audio...
  ⏱️  Measuring latency...
  🗣️  Running ASR on model output...
  📝 Transcript: One moment. Still working on it. Okay, I've updated your passport number....
  ⏱️  Perceived Latency: 4.32s (Agent Start: 17.1s - User End: 12.78s)
  💾 Saved: result_duet.json

[83/100] travel_03_5ff07b5ee7a1d23e719e421e
  🚀 Running LiveKit inference with provider=duet...
  🔗 Streaming via livekit_inference.py into room: eval-7a7fba6f
  ✅ livekit_inference.py finished successfully.
  🗣️  Running ASR on input audio...
  ⏱️  Measuring latency...
  🗣️  Running ASR on model output...
  📝 Transcript: One moment. Still working on it. I found one flight to London on August 20th for $450....
  ⏱️  Perceived Latency: 4.15s (Agent Start: 16.59s - User End: 12.44s)
  💾 Saved: result_duet.json

[84/100] travel_03_61517db6a7589569521b2356
  🚀 Running LiveKit inference with provider=duet...
  🔗 Streaming via livekit_inference.py into room: eval-25fc313f
  ✅ livekit_inference.py finished successfully.
  🗣️  Running ASR on input audio...
  ⏱️  Measuring latency...
  🗣️  Running ASR on model output...
  📝 Transcript: One moment. Still working on it. I found one flight to London on August 20th for 450....
  ⏱️  Perceived Latency: 4.11s (Agent Start: 16.21s - User End: 12.1s)
  💾 Saved: result_duet.json

[85/100] travel_05_6998abd731d2ec50d067d5bd
  🚀 Running LiveKit inference with provider=duet...
  🔗 Streaming via livekit_inference.py into room: eval-a3b389de
  ✅ livekit_inference.py finished successfully.
  🗣️  Running ASR on input audio...
  ⏱️  Measuring latency...
  🗣️  Running ASR on model output...
  📝 Transcript: One moment. Still working on it. Okay, I found a flight to Chicago on December 12th for $450....
  ⏱️  Perceived Latency: 5.34s (Agent Start: 14.99s - User End: 9.65s)
  💾 Saved: result_duet.json

[86/100] travel_07_5ff07b5ee7a1d23e719e421e
  🚀 Running LiveKit inference with provider=duet...
  🔗 Streaming via livekit_inference.py into room: eval-f4c6ce2d
  ✅ livekit_inference.py finished successfully.
  🗣️  Running ASR on input audio...
  ⏱️  Measuring latency...
  🗣️  Running ASR on model output...
  📝 Transcript: One moment. Still working on it. Okay, I've updated your driver's license number to DPL -555....
  ⏱️  Perceived Latency: 4.27s (Agent Start: 18.38s - User End: 14.11s)
  💾 Saved: result_duet.json

[87/100] travel_07_61517db6a7589569521b2356
  🚀 Running LiveKit inference with provider=duet...
  🔗 Streaming via livekit_inference.py into room: eval-70c63438
  ✅ livekit_inference.py finished successfully.
  🗣️  Running ASR on input audio...
  ⏱️  Measuring latency...
  🗣️  Running ASR on model output...
  📝 Transcript: One moment. Still working on it. Okay, I've updated your driver's license number on file. One moment...
  ⏱️  Perceived Latency: 4.24s (Agent Start: 15.79s - User End: 11.55s)
  💾 Saved: result_duet.json

[88/100] travel_08_695bd157114f0d2317f88617
  🚀 Running LiveKit inference with provider=duet...
  🔗 Streaming via livekit_inference.py into room: eval-f3b64068
  ✅ livekit_inference.py finished successfully.
  🗣️  Running ASR on input audio...
  ⏱️  Measuring latency...
  🗣️  Running ASR on model output...
  📝 Transcript: One moment. Still working on it. Okay, I found a flight to Seattle on November 1st for $450....
  ⏱️  Perceived Latency: 4.31s (Agent Start: 14.29s - User End: 9.98s)
  💾 Saved: result_duet.json

[89/100] travel_10_5f4a4da1575d605c43bef871
  🚀 Running LiveKit inference with provider=duet...
  🔗 Streaming via livekit_inference.py into room: eval-85d4f5d1
  ✅ livekit_inference.py finished successfully.
  🗣️  Running ASR on input audio...
  ⏱️  Measuring latency...
  🗣️  Running ASR on model output...
  📝 Transcript: One moment. One moment. Still working on it. Okay, I found a flight to Miami on October 7th for $450...
  ⏱️  Perceived Latency: 4.89s (Agent Start: 12.11s - User End: 7.22s)
  💾 Saved: result_duet.json

[90/100] travel_11_66c4f3cb14cbfc4db836bd4e
  🚀 Running LiveKit inference with provider=duet...
  🔗 Streaming via livekit_inference.py into room: eval-1b4b5c64
  ✅ livekit_inference.py finished successfully.
  🗣️  Running ASR on input audio...
  ⏱️  Measuring latency...
  🗣️  Running ASR on model output...
  📝 Transcript: One moment. Still working on it. Still working on it. Okay, I've booked your flight to Austin on Feb...
  ⏱️  Perceived Latency: 4.48s (Agent Start: 14.48s - User End: 10.0s)
  💾 Saved: result_duet.json

[91/100] travel_14_66c4f3cb14cbfc4db836bd4e
  🚀 Running LiveKit inference with provider=duet...
  🔗 Streaming via livekit_inference.py into room: eval-13d1368b
  ✅ livekit_inference.py finished successfully.
  🗣️  Running ASR on input audio...
  ⏱️  Measuring latency...
  🗣️  Running ASR on model output...
  📝 Transcript: One moment. Still working on it. Okay, I found a flight to Seoul on March 22nd for $450....
  ⏱️  Perceived Latency: 4.29s (Agent Start: 15.09s - User End: 10.8s)
  💾 Saved: result_duet.json

[92/100] travel_16_66f59c766e7e22e1f90d08f6
  🚀 Running LiveKit inference with provider=duet...
  🔗 Streaming via livekit_inference.py into room: eval-31674b8e
  ✅ livekit_inference.py finished successfully.
  🗣️  Running ASR on input audio...
  ⏱️  Measuring latency...
  🗣️  Running ASR on model output...
  📝 Transcript: One moment. Still working on it. I found a flight to Vegas on August 8th for $450. Would you like me...
  ⏱️  Perceived Latency: 4.29s (Agent Start: 18.1s - User End: 13.81s)
  💾 Saved: result_duet.json

[93/100] travel_18_66f59c766e7e22e1f90d08f6
  🚀 Running LiveKit inference with provider=duet...
  🔗 Streaming via livekit_inference.py into room: eval-e5485e81
  ✅ livekit_inference.py finished successfully.
  🗣️  Running ASR on input audio...
  ⏱️  Measuring latency...
  🗣️  Running ASR on model output...
  📝 Transcript: One moment. Still working on it. Still working on it. I've booked the cheapest flight to Dubai on Ap...
  ⏱️  Perceived Latency: 4.34s (Agent Start: 25.07s - User End: 20.73s)
  💾 Saved: result_duet.json

[94/100] travel_19_695bd157114f0d2317f88617
  🚀 Running LiveKit inference with provider=duet...
  🔗 Streaming via livekit_inference.py into room: eval-9b92dc34
  ✅ livekit_inference.py finished successfully.
  🗣️  Running ASR on input audio...
  ⏱️  Measuring latency...
  🗣️  Running ASR on model output...
  📝 Transcript: One moment. Still working on it. Still working on it. Okay, I found a flight to Milan on June 3rd fo...
  ⏱️  Perceived Latency: 4.30s (Agent Start: 21.23s - User End: 16.93s)
  💾 Saved: result_duet.json

[95/100] travel_20_62a885d5b6af18b3d4579e1b
  🚀 Running LiveKit inference with provider=duet...
  🔗 Streaming via livekit_inference.py into room: eval-4e9da37d
  ✅ livekit_inference.py finished successfully.
  🗣️  Running ASR on input audio...
  ⏱️  Measuring latency...
  🗣️  Running ASR on model output...
  📝 Transcript: One moment. Still working on it. Still working on it. Still working on it. The flight to Toronto was...
  ⏱️  Perceived Latency: 4.31s (Agent Start: 20.11s - User End: 15.8s)
  💾 Saved: result_duet.json

[96/100] travel_21_65e8cf8f4c7424fa062e54a3
  🚀 Running LiveKit inference with provider=duet...
  🔗 Streaming via livekit_inference.py into room: eval-f699dac6
  ✅ livekit_inference.py finished successfully.
  🗣️  Running ASR on input audio...
  ⏱️  Measuring latency...
  🗣️  Running ASR on model output...
  📝 Transcript: One moment....
  ⏱️  Perceived Latency: 4.78s (Agent Start: 24.02s - User End: 19.24s)
  💾 Saved: result_duet.json

[97/100] travel_21_69a9cf80f4d7668d5c815038
  🚀 Running LiveKit inference with provider=duet...
  🔗 Streaming via livekit_inference.py into room: eval-e46405f7
  ✅ livekit_inference.py finished successfully.
  🗣️  Running ASR on input audio...
  ⏱️  Measuring latency...
  🗣️  Running ASR on model output...
  📝 Transcript: One moment. Still working on it. Still working on it. Still working on it....
  ⏱️  Perceived Latency: 4.64s (Agent Start: 27.06s - User End: 22.42s)
  💾 Saved: result_duet.json

[98/100] travel_23_65e8cf8f4c7424fa062e54a3
  🚀 Running LiveKit inference with provider=duet...
  🔗 Streaming via livekit_inference.py into room: eval-efd953bc
  ✅ livekit_inference.py finished successfully.
  🗣️  Running ASR on input audio...
  ⏱️  Measuring latency...
  🗣️  Running ASR on model output...
  📝 Transcript: One moment. Still working on it. Okay. I've updated your passport number to P1122 and your driver's ...
  ⏱️  Perceived Latency: 4.20s (Agent Start: 26.13s - User End: 21.93s)
  💾 Saved: result_duet.json

[99/100] travel_23_69a9cf80f4d7668d5c815038
  🚀 Running LiveKit inference with provider=duet...
  🔗 Streaming via livekit_inference.py into room: eval-c747e481
  ✅ livekit_inference.py finished successfully.
  🗣️  Running ASR on input audio...
  ⏱️  Measuring latency...
  🗣️  Running ASR on model output...
  📝 Transcript: One moment. Still working on it. Okay. I've updated your passport number to P1122 and your driver's ...
  ⏱️  Perceived Latency: 26.80s (Agent Start: 28.05s - User End: 1.25s)
  💾 Saved: result_duet.json

[100/100] travel_24_695bd157114f0d2317f88617
  🚀 Running LiveKit inference with provider=duet...
  🔗 Streaming via livekit_inference.py into room: eval-7b946124
  ✅ livekit_inference.py finished successfully.
  🗣️  Running ASR on input audio...
  ⏱️  Measuring latency...
  🗣️  Running ASR on model output...
  📝 Transcript: One moment....
  ⏱️  Perceived Latency: 4.37s (Agent Start: 30.0s - User End: 25.63s)
  💾 Saved: result_duet.json

finished 100 items in 116.3 min
