inputs: 100 | scoring ASR: whisper

[1/100] ecommerce_01_65e8cf8f4c7424fa062e54a3
  🚀 Running LiveKit inference with provider=duet_dry_final...
  🔗 Streaming via livekit_inference.py into room: eval-1c70c33b
  ✅ livekit_inference.py finished successfully.
  🗣️  Running ASR on input audio...
  ⏱️  Measuring latency...
  🗣️  Running ASR on model output...
  📝 Transcript: Okay....
  ⏱️  Perceived Latency: 4.24s (Agent Start: 19.47s - User End: 15.23s)
  💾 Saved: result_duet_dry_final.json

[2/100] ecommerce_01_69a9cf80f4d7668d5c815038
  🚀 Running LiveKit inference with provider=duet_dry_final...
  🔗 Streaming via livekit_inference.py into room: eval-72ab9c88
  ✅ livekit_inference.py finished successfully.
  🗣️  Running ASR on input audio...
  ⏱️  Measuring latency...
  🗣️  Running ASR on model output...
  📝 Transcript: Okay. Okay. Okay. Okay....
  ⏱️  Perceived Latency: -12.43s (Agent Start: 5.84s - User End: 18.27s)
  💾 Saved: result_duet_dry_final.json

[3/100] ecommerce_02_5f4a4da1575d605c43bef871
  🚀 Running LiveKit inference with provider=duet_dry_final...
  🔗 Streaming via livekit_inference.py into room: eval-627dcb97
  ✅ livekit_inference.py finished successfully.
  🗣️  Running ASR on input audio...
  ⏱️  Measuring latency...
  🗣️  Running ASR on model output...
  📝 Transcript: Okay....
  ⏱️  Perceived Latency: 3.03s (Agent Start: 15.22s - User End: 12.19s)
  💾 Saved: result_duet_dry_final.json

[4/100] ecommerce_04_6998abd731d2ec50d067d5bd
  🚀 Running LiveKit inference with provider=duet_dry_final...
  🔗 Streaming via livekit_inference.py into room: eval-e709a9e8
  ✅ livekit_inference.py finished successfully.
  🗣️  Running ASR on input audio...
  ⏱️  Measuring latency...
  🗣️  Running ASR on model output...
  📝 Transcript: Okay. Okay....
  ⏱️  Perceived Latency: 3.95s (Agent Start: 14.16s - User End: 10.21s)
  💾 Saved: result_duet_dry_final.json

[5/100] ecommerce_05_695bd157114f0d2317f88617
  🚀 Running LiveKit inference with provider=duet_dry_final...
  🔗 Streaming via livekit_inference.py into room: eval-8b3ba865
  ✅ livekit_inference.py finished successfully.
  🗣️  Running ASR on input audio...
  ⏱️  Measuring latency...
  🗣️  Running ASR on model output...
  📝 Transcript: Okay. Okay. Okay....
  ⏱️  Perceived Latency: 8.06s (Agent Start: 15.22s - User End: 7.16s)
  💾 Saved: result_duet_dry_final.json

[6/100] ecommerce_06_66c4f3cb14cbfc4db836bd4e
  🚀 Running LiveKit inference with provider=duet_dry_final...
  🔗 Streaming via livekit_inference.py into room: eval-431a1527
  ✅ livekit_inference.py finished successfully.
  🗣️  Running ASR on input audio...
  ⏱️  Measuring latency...
  🗣️  Running ASR on model output...
  📝 Transcript: Okay. Okay....
  ⏱️  Perceived Latency: 3.44s (Agent Start: 17.17s - User End: 13.73s)
  💾 Saved: result_duet_dry_final.json

[7/100] ecommerce_07_66f59c766e7e22e1f90d08f6
  🚀 Running LiveKit inference with provider=duet_dry_final...
  🔗 Streaming via livekit_inference.py into room: eval-9252114e
  ✅ livekit_inference.py finished successfully.
  🗣️  Running ASR on input audio...
  ⏱️  Measuring latency...
  🗣️  Running ASR on model output...
  📝 Transcript: Okay....
  ⏱️  Perceived Latency: 3.93s (Agent Start: 20.91s - User End: 16.98s)
  💾 Saved: result_duet_dry_final.json

[8/100] ecommerce_08_5ff07b5ee7a1d23e719e421e
  🚀 Running LiveKit inference with provider=duet_dry_final...
  🔗 Streaming via livekit_inference.py into room: eval-76b7b92f
  ✅ livekit_inference.py finished successfully.
  🗣️  Running ASR on input audio...
  ⏱️  Measuring latency...
  🗣️  Running ASR on model output...
  📝 Transcript: Okay. Okay....
  ⏱️  Perceived Latency: -9.64s (Agent Start: 4.72s - User End: 14.36s)
  💾 Saved: result_duet_dry_final.json

[9/100] ecommerce_08_61517db6a7589569521b2356
  🚀 Running LiveKit inference with provider=duet_dry_final...
  🔗 Streaming via livekit_inference.py into room: eval-9c589823
  ✅ livekit_inference.py finished successfully.
  🗣️  Running ASR on input audio...
  ⏱️  Measuring latency...
  🗣️  Running ASR on model output...
  📝 Transcript: Okay....
  ⏱️  Perceived Latency: 3.05s (Agent Start: 15.44s - User End: 12.39s)
  💾 Saved: result_duet_dry_final.json

[10/100] ecommerce_09_695bd157114f0d2317f88617
  🚀 Running LiveKit inference with provider=duet_dry_final...
  🔗 Streaming via livekit_inference.py into room: eval-e4d52a7a
  ✅ livekit_inference.py finished successfully.
  🗣️  Running ASR on input audio...
  ⏱️  Measuring latency...
  🗣️  Running ASR on model output...
  📝 Transcript: Okay....
  ⏱️  Perceived Latency: 3.24s (Agent Start: 16.59s - User End: 13.35s)
  💾 Saved: result_duet_dry_final.json

[11/100] ecommerce_10_6998abd731d2ec50d067d5bd
  🚀 Running LiveKit inference with provider=duet_dry_final...
  🔗 Streaming via livekit_inference.py into room: eval-63c7b021
  ✅ livekit_inference.py finished successfully.
  🗣️  Running ASR on input audio...
  ⏱️  Measuring latency...
  🗣️  Running ASR on model output...
  📝 Transcript: Okay....
  ⏱️  Perceived Latency: 3.61s (Agent Start: 23.15s - User End: 19.54s)
  💾 Saved: result_duet_dry_final.json

[12/100] ecommerce_11_62a885d5b6af18b3d4579e1b
  🚀 Running LiveKit inference with provider=duet_dry_final...
  🔗 Streaming via livekit_inference.py into room: eval-b91f11e1
  ✅ livekit_inference.py finished successfully.
  🗣️  Running ASR on input audio...
  ⏱️  Measuring latency...
  🗣️  Running ASR on model output...
  📝 Transcript: Okay....
  ⏱️  Perceived Latency: 3.27s (Agent Start: 13.33s - User End: 10.06s)
  💾 Saved: result_duet_dry_final.json

[13/100] ecommerce_12_6998abd731d2ec50d067d5bd
  🚀 Running LiveKit inference with provider=duet_dry_final...
  🔗 Streaming via livekit_inference.py into room: eval-67809376
  ✅ livekit_inference.py finished successfully.
  🗣️  Running ASR on input audio...
  ⏱️  Measuring latency...
  🗣️  Running ASR on model output...
  📝 Transcript: Okay....
  ⏱️  Perceived Latency: 4.05s (Agent Start: 14.38s - User End: 10.33s)
  💾 Saved: result_duet_dry_final.json

[14/100] ecommerce_13_5ff07b5ee7a1d23e719e421e
  🚀 Running LiveKit inference with provider=duet_dry_final...
  🔗 Streaming via livekit_inference.py into room: eval-9aec538e
  ✅ livekit_inference.py finished successfully.
  🗣️  Running ASR on input audio...
  ⏱️  Measuring latency...
  🗣️  Running ASR on model output...
  📝 Transcript: Okay....
  ⏱️  Perceived Latency: 4.25s (Agent Start: 24.37s - User End: 20.12s)
  💾 Saved: result_duet_dry_final.json

[15/100] ecommerce_13_61517db6a7589569521b2356
  🚀 Running LiveKit inference with provider=duet_dry_final...
  🔗 Streaming via livekit_inference.py into room: eval-bb817602
  ✅ livekit_inference.py finished successfully.
  🗣️  Running ASR on input audio...
  ⏱️  Measuring latency...
  🗣️  Running ASR on model output...
  📝 Transcript: Okay. Okay....
  ⏱️  Perceived Latency: 3.21s (Agent Start: 29.3s - User End: 26.09s)
  💾 Saved: result_duet_dry_final.json

[16/100] ecommerce_14_5ff07b5ee7a1d23e719e421e
  🚀 Running LiveKit inference with provider=duet_dry_final...
  🔗 Streaming via livekit_inference.py into room: eval-a97284eb
  ✅ livekit_inference.py finished successfully.
  🗣️  Running ASR on input audio...
  ⏱️  Measuring latency...
  🗣️  Running ASR on model output...
  📝 Transcript: Okay....
  ⏱️  Perceived Latency: 4.10s (Agent Start: 23.06s - User End: 18.96s)
  💾 Saved: result_duet_dry_final.json

[17/100] ecommerce_14_61517db6a7589569521b2356
  🚀 Running LiveKit inference with provider=duet_dry_final...
  🔗 Streaming via livekit_inference.py into room: eval-df6f6357
  ✅ livekit_inference.py finished successfully.
  🗣️  Running ASR on input audio...
  ⏱️  Measuring latency...
  🗣️  Running ASR on model output...
  📝 Transcript: Okay. Okay....
  ⏱️  Perceived Latency: 4.34s (Agent Start: 23.7s - User End: 19.36s)
  💾 Saved: result_duet_dry_final.json

[18/100] ecommerce_15_56780a5a89319e0011644cb4
  🚀 Running LiveKit inference with provider=duet_dry_final...
  🔗 Streaming via livekit_inference.py into room: eval-e5dea415
  ✅ livekit_inference.py finished successfully.
  🗣️  Running ASR on input audio...
  ⏱️  Measuring latency...
  🗣️  Running ASR on model output...
  📝 Transcript: Okay....
  ⏱️  Perceived Latency: 4.06s (Agent Start: 20.4s - User End: 16.34s)
  💾 Saved: result_duet_dry_final.json

[19/100] ecommerce_15_66c4f3cb14cbfc4db836bd4e
  🚀 Running LiveKit inference with provider=duet_dry_final...
  🔗 Streaming via livekit_inference.py into room: eval-a3de6a13
  ✅ livekit_inference.py finished successfully.
  🗣️  Running ASR on input audio...
  ⏱️  Measuring latency...
  🗣️  Running ASR on model output...
  📝 Transcript: Okay....
  ⏱️  Perceived Latency: 4.46s (Agent Start: 20.27s - User End: 15.81s)
  💾 Saved: result_duet_dry_final.json

[20/100] ecommerce_16_695bd157114f0d2317f88617
  🚀 Running LiveKit inference with provider=duet_dry_final...
  🔗 Streaming via livekit_inference.py into room: eval-5d11624a
  ✅ livekit_inference.py finished successfully.
  🗣️  Running ASR on input audio...
  ⏱️  Measuring latency...
  🗣️  Running ASR on model output...
  📝 Transcript: Okay. Okay....
  ⏱️  Perceived Latency: -9.32s (Agent Start: 6.54s - User End: 15.86s)
  💾 Saved: result_duet_dry_final.json

[21/100] ecommerce_17_5f4a4da1575d605c43bef871
  🚀 Running LiveKit inference with provider=duet_dry_final...
  🔗 Streaming via livekit_inference.py into room: eval-3361cb21
  ✅ livekit_inference.py finished successfully.
  🗣️  Running ASR on input audio...
  ⏱️  Measuring latency...
  🗣️  Running ASR on model output...
  📝 Transcript: Okay....
  ⏱️  Perceived Latency: 3.09s (Agent Start: 17.9s - User End: 14.81s)
  💾 Saved: result_duet_dry_final.json

[22/100] ecommerce_18_62a885d5b6af18b3d4579e1b
  🚀 Running LiveKit inference with provider=duet_dry_final...
  🔗 Streaming via livekit_inference.py into room: eval-cd782804
  ✅ livekit_inference.py finished successfully.
  🗣️  Running ASR on input audio...
  ⏱️  Measuring latency...
  🗣️  Running ASR on model output...
  📝 Transcript: Okay....
  ⏱️  Perceived Latency: 4.46s (Agent Start: 17.78s - User End: 13.32s)
  💾 Saved: result_duet_dry_final.json

[23/100] ecommerce_19_66f59c766e7e22e1f90d08f6
  🚀 Running LiveKit inference with provider=duet_dry_final...
  🔗 Streaming via livekit_inference.py into room: eval-aee5260a
  ✅ livekit_inference.py finished successfully.
  🗣️  Running ASR on input audio...
  ⏱️  Measuring latency...
  🗣️  Running ASR on model output...
  📝 Transcript: Okay....
  ⏱️  Perceived Latency: 3.89s (Agent Start: 22.7s - User End: 18.81s)
  💾 Saved: result_duet_dry_final.json

[24/100] ecommerce_20_66c4f3cb14cbfc4db836bd4e
  🚀 Running LiveKit inference with provider=duet_dry_final...
  🔗 Streaming via livekit_inference.py into room: eval-de6cc632
  ✅ livekit_inference.py finished successfully.
  🗣️  Running ASR on input audio...
  ⏱️  Measuring latency...
  🗣️  Running ASR on model output...
  📝 Transcript: Okay. Okay....
  ⏱️  Perceived Latency: 3.57s (Agent Start: 27.5s - User End: 23.93s)
  💾 Saved: result_duet_dry_final.json

[25/100] ecommerce_21_65e8cf8f4c7424fa062e54a3
  🚀 Running LiveKit inference with provider=duet_dry_final...
  🔗 Streaming via livekit_inference.py into room: eval-db65ad07
  ✅ livekit_inference.py finished successfully.
  🗣️  Running ASR on input audio...
  ⏱️  Measuring latency...
  🗣️  Running ASR on model output...
  📝 Transcript: Okay....
  ⏱️  Perceived Latency: 4.31s (Agent Start: 28.53s - User End: 24.22s)
  💾 Saved: result_duet_dry_final.json

[26/100] ecommerce_21_69a9cf80f4d7668d5c815038
  🚀 Running LiveKit inference with provider=duet_dry_final...
  🔗 Streaming via livekit_inference.py into room: eval-36da9db0
  ✅ livekit_inference.py finished successfully.
  🗣️  Running ASR on input audio...
  ⏱️  Measuring latency...
  🗣️  Running ASR on model output...
  📝 Transcript: Okay. Okay. Okay....
  ⏱️  Perceived Latency: -8.80s (Agent Start: 15.95s - User End: 24.75s)
  💾 Saved: result_duet_dry_final.json

[27/100] ecommerce_23_5f4a4da1575d605c43bef871
  🚀 Running LiveKit inference with provider=duet_dry_final...
  🔗 Streaming via livekit_inference.py into room: eval-ee404554
  ✅ livekit_inference.py finished successfully.
  🗣️  Running ASR on input audio...
  ⏱️  Measuring latency...
  🗣️  Running ASR on model output...
  📝 Transcript: Okay....
  ⏱️  Perceived Latency: 4.42s (Agent Start: 24.72s - User End: 20.3s)
  💾 Saved: result_duet_dry_final.json

[28/100] ecommerce_25_65e8cf8f4c7424fa062e54a3
  🚀 Running LiveKit inference with provider=duet_dry_final...
  🔗 Streaming via livekit_inference.py into room: eval-7b8910b8
  ✅ livekit_inference.py finished successfully.
  🗣️  Running ASR on input audio...
  ⏱️  Measuring latency...
  🗣️  Running ASR on model output...
  📝 Transcript: Okay....
  ⏱️  Perceived Latency: 4.09s (Agent Start: 23.02s - User End: 18.93s)
  💾 Saved: result_duet_dry_final.json

[29/100] ecommerce_25_69a9cf80f4d7668d5c815038
  🚀 Running LiveKit inference with provider=duet_dry_final...
  🔗 Streaming via livekit_inference.py into room: eval-0f92be9a
  ✅ livekit_inference.py finished successfully.
  🗣️  Running ASR on input audio...
  ⏱️  Measuring latency...
  🗣️  Running ASR on model output...
  📝 Transcript: Okay. Okay....
  ⏱️  Perceived Latency: -0.69s (Agent Start: 22.03s - User End: 22.72s)
  💾 Saved: result_duet_dry_final.json

[30/100] finance_01_65e8cf8f4c7424fa062e54a3
  🚀 Running LiveKit inference with provider=duet_dry_final...
  🔗 Streaming via livekit_inference.py into room: eval-3c2c2acf
  ✅ livekit_inference.py finished successfully.
  🗣️  Running ASR on input audio...
  ⏱️  Measuring latency...
  🗣️  Running ASR on model output...
  📝 Transcript: Okay....
  ⏱️  Perceived Latency: 4.30s (Agent Start: 14.1s - User End: 9.8s)
  💾 Saved: result_duet_dry_final.json

[31/100] finance_01_69a9cf80f4d7668d5c815038
  🚀 Running LiveKit inference with provider=duet_dry_final...
  🔗 Streaming via livekit_inference.py into room: eval-d4a4f96f
  ✅ livekit_inference.py finished successfully.
  🗣️  Running ASR on input audio...
  ⏱️  Measuring latency...
  🗣️  Running ASR on model output...
  📝 Transcript: Okay....
  ⏱️  Perceived Latency: 3.16s (Agent Start: 12.53s - User End: 9.37s)
  💾 Saved: result_duet_dry_final.json

[32/100] finance_02_6998abd731d2ec50d067d5bd
  🚀 Running LiveKit inference with provider=duet_dry_final...
  🔗 Streaming via livekit_inference.py into room: eval-d9ef04f6
  ✅ livekit_inference.py finished successfully.
  🗣️  Running ASR on input audio...
  ⏱️  Measuring latency...
  🗣️  Running ASR on model output...
  📝 Transcript: Okay....
  ⏱️  Perceived Latency: 4.56s (Agent Start: 13.55s - User End: 8.99s)
  💾 Saved: result_duet_dry_final.json

[33/100] finance_03_5ff07b5ee7a1d23e719e421e
  🚀 Running LiveKit inference with provider=duet_dry_final...
  🔗 Streaming via livekit_inference.py into room: eval-5e746056
  ✅ livekit_inference.py finished successfully.
  🗣️  Running ASR on input audio...
  ⏱️  Measuring latency...
  🗣️  Running ASR on model output...
  📝 Transcript: Okay....
  ⏱️  Perceived Latency: 4.32s (Agent Start: 16.08s - User End: 11.76s)
  💾 Saved: result_duet_dry_final.json

[34/100] finance_03_61517db6a7589569521b2356
  🚀 Running LiveKit inference with provider=duet_dry_final...
  🔗 Streaming via livekit_inference.py into room: eval-de380ccd
  ✅ livekit_inference.py finished successfully.
  🗣️  Running ASR on input audio...
  ⏱️  Measuring latency...
  🗣️  Running ASR on model output...
  📝 Transcript: Okay....
  ⏱️  Perceived Latency: 4.74s (Agent Start: 20.53s - User End: 15.79s)
  💾 Saved: result_duet_dry_final.json

[35/100] finance_04_62a885d5b6af18b3d4579e1b
  🚀 Running LiveKit inference with provider=duet_dry_final...
  🔗 Streaming via livekit_inference.py into room: eval-4367ee8a
  ✅ livekit_inference.py finished successfully.
  🗣️  Running ASR on input audio...
  ⏱️  Measuring latency...
  🗣️  Running ASR on model output...
  📝 Transcript: Okay. Okay....
  ⏱️  Perceived Latency: -1.07s (Agent Start: 7.73s - User End: 8.8s)
  💾 Saved: result_duet_dry_final.json

[36/100] finance_06_66f59c766e7e22e1f90d08f6
  🚀 Running LiveKit inference with provider=duet_dry_final...
  🔗 Streaming via livekit_inference.py into room: eval-0e265afb
  ✅ livekit_inference.py finished successfully.
  🗣️  Running ASR on input audio...
  ⏱️  Measuring latency...
  🗣️  Running ASR on model output...
  📝 Transcript: Okay....
  ⏱️  Perceived Latency: 4.01s (Agent Start: 15.34s - User End: 11.33s)
  💾 Saved: result_duet_dry_final.json

[37/100] finance_07_5ff07b5ee7a1d23e719e421e
  🚀 Running LiveKit inference with provider=duet_dry_final...
  🔗 Streaming via livekit_inference.py into room: eval-1d0e50e4
  ✅ livekit_inference.py finished successfully.
  🗣️  Running ASR on input audio...
  ⏱️  Measuring latency...
  🗣️  Running ASR on model output...
  📝 Transcript: Okay....
  ⏱️  Perceived Latency: 4.27s (Agent Start: 20.69s - User End: 16.42s)
  💾 Saved: result_duet_dry_final.json

[38/100] finance_07_61517db6a7589569521b2356
  🚀 Running LiveKit inference with provider=duet_dry_final...
  🔗 Streaming via livekit_inference.py into room: eval-29f05e6f
  ✅ livekit_inference.py finished successfully.
  🗣️  Running ASR on input audio...
  ⏱️  Measuring latency...
  🗣️  Running ASR on model output...
  📝 Transcript: Okay. Okay. Okay....
  ⏱️  Perceived Latency: 3.76s (Agent Start: 17.49s - User End: 13.73s)
  💾 Saved: result_duet_dry_final.json

[39/100] finance_08_65e8cf8f4c7424fa062e54a3
  🚀 Running LiveKit inference with provider=duet_dry_final...
  🔗 Streaming via livekit_inference.py into room: eval-8345b71a
  ✅ livekit_inference.py finished successfully.
  🗣️  Running ASR on input audio...
  ⏱️  Measuring latency...
  🗣️  Running ASR on model output...
  📝 Transcript: Okay....
  ⏱️  Perceived Latency: 4.74s (Agent Start: 15.73s - User End: 10.99s)
  💾 Saved: result_duet_dry_final.json

[40/100] finance_08_69a9cf80f4d7668d5c815038
  🚀 Running LiveKit inference with provider=duet_dry_final...
  🔗 Streaming via livekit_inference.py into room: eval-fe2b0c7e
  ✅ livekit_inference.py finished successfully.
  🗣️  Running ASR on input audio...
  ⏱️  Measuring latency...
  🗣️  Running ASR on model output...
  📝 Transcript: Okay. Okay....
  ⏱️  Perceived Latency: -3.76s (Agent Start: 9.36s - User End: 13.12s)
  💾 Saved: result_duet_dry_final.json

[41/100] finance_10_66c4f3cb14cbfc4db836bd4e
  🚀 Running LiveKit inference with provider=duet_dry_final...
  🔗 Streaming via livekit_inference.py into room: eval-39995d5d
  ✅ livekit_inference.py finished successfully.
  🗣️  Running ASR on input audio...
  ⏱️  Measuring latency...
  🗣️  Running ASR on model output...
  📝 Transcript: Okay....
  ⏱️  Perceived Latency: 4.20s (Agent Start: 19.79s - User End: 15.59s)
  💾 Saved: result_duet_dry_final.json

[42/100] finance_11_695bd157114f0d2317f88617
  🚀 Running LiveKit inference with provider=duet_dry_final...
  🔗 Streaming via livekit_inference.py into room: eval-1e28ee8d
  ✅ livekit_inference.py finished successfully.
  🗣️  Running ASR on input audio...
  ⏱️  Measuring latency...
  🗣️  Running ASR on model output...
  📝 Transcript: Okay. Okay....
  ⏱️  Perceived Latency: 3.32s (Agent Start: 12.98s - User End: 9.66s)
  💾 Saved: result_duet_dry_final.json

[43/100] finance_12_65e8cf8f4c7424fa062e54a3
  🚀 Running LiveKit inference with provider=duet_dry_final...
  🔗 Streaming via livekit_inference.py into room: eval-f7c8231b
  ✅ livekit_inference.py finished successfully.
  🗣️  Running ASR on input audio...
  ⏱️  Measuring latency...
  🗣️  Running ASR on model output...
  📝 Transcript: Okay....
  ⏱️  Perceived Latency: 3.77s (Agent Start: 16.11s - User End: 12.34s)
  💾 Saved: result_duet_dry_final.json

[44/100] finance_12_69a9cf80f4d7668d5c815038
  🚀 Running LiveKit inference with provider=duet_dry_final...
  🔗 Streaming via livekit_inference.py into room: eval-c4e7d87f
  ✅ livekit_inference.py finished successfully.
  🗣️  Running ASR on input audio...
  ⏱️  Measuring latency...
  🗣️  Running ASR on model output...
  📝 Transcript: Okay. Okay....
  ⏱️  Perceived Latency: -5.50s (Agent Start: 8.72s - User End: 14.22s)
  💾 Saved: result_duet_dry_final.json

[45/100] finance_14_5f4a4da1575d605c43bef871
  🚀 Running LiveKit inference with provider=duet_dry_final...
  🔗 Streaming via livekit_inference.py into room: eval-538303ed
  ✅ livekit_inference.py finished successfully.
  🗣️  Running ASR on input audio...
  ⏱️  Measuring latency...
  🗣️  Running ASR on model output...
  📝 Transcript: Okay....
  ⏱️  Perceived Latency: 4.96s (Agent Start: 19.34s - User End: 14.38s)
  💾 Saved: result_duet_dry_final.json

[46/100] finance_15_66c4f3cb14cbfc4db836bd4e
  🚀 Running LiveKit inference with provider=duet_dry_final...
  🔗 Streaming via livekit_inference.py into room: eval-8754469e
  ✅ livekit_inference.py finished successfully.
  🗣️  Running ASR on input audio...
  ⏱️  Measuring latency...
  🗣️  Running ASR on model output...
  📝 Transcript: Okay....
  ⏱️  Perceived Latency: 4.18s (Agent Start: 16.34s - User End: 12.16s)
  💾 Saved: result_duet_dry_final.json

[47/100] finance_16_62a885d5b6af18b3d4579e1b
  🚀 Running LiveKit inference with provider=duet_dry_final...
  🔗 Streaming via livekit_inference.py into room: eval-5cf2d9aa
  ✅ livekit_inference.py finished successfully.
  🗣️  Running ASR on input audio...
  ⏱️  Measuring latency...
  🗣️  Running ASR on model output...
  📝 Transcript: Okay....
  ⏱️  Perceived Latency: 11.10s (Agent Start: 16.88s - User End: 5.78s)
  💾 Saved: result_duet_dry_final.json

[48/100] finance_17_6998abd731d2ec50d067d5bd
  🚀 Running LiveKit inference with provider=duet_dry_final...
  🔗 Streaming via livekit_inference.py into room: eval-0378da38
  ✅ livekit_inference.py finished successfully.
  🗣️  Running ASR on input audio...
  ⏱️  Measuring latency...
  🗣️  Running ASR on model output...
  📝 Transcript: Okay....
  ⏱️  Perceived Latency: 4.40s (Agent Start: 17.36s - User End: 12.96s)
  💾 Saved: result_duet_dry_final.json

[49/100] finance_18_6998abd731d2ec50d067d5bd
  🚀 Running LiveKit inference with provider=duet_dry_final...
  🔗 Streaming via livekit_inference.py into room: eval-b124ba11
  ✅ livekit_inference.py finished successfully.
  🗣️  Running ASR on input audio...
  ⏱️  Measuring latency...
  🗣️  Running ASR on model output...
  📝 Transcript: Okay....
  ⏱️  Perceived Latency: 4.45s (Agent Start: 23.41s - User End: 18.96s)
  💾 Saved: result_duet_dry_final.json

[50/100] finance_19_66f59c766e7e22e1f90d08f6
  🚀 Running LiveKit inference with provider=duet_dry_final...
  🔗 Streaming via livekit_inference.py into room: eval-bd03e33f
  ✅ livekit_inference.py finished successfully.
  🗣️  Running ASR on input audio...
  ⏱️  Measuring latency...
  🗣️  Running ASR on model output...
  📝 Transcript: Okay....
  ⏱️  Perceived Latency: 4.25s (Agent Start: 18.19s - User End: 13.94s)
  💾 Saved: result_duet_dry_final.json

[51/100] finance_20_66c4f3cb14cbfc4db836bd4e
  🚀 Running LiveKit inference with provider=duet_dry_final...
  🔗 Streaming via livekit_inference.py into room: eval-89d0ccab
  ✅ livekit_inference.py finished successfully.
  🗣️  Running ASR on input audio...
  ⏱️  Measuring latency...
  🗣️  Running ASR on model output...
  📝 Transcript: Okay....
  ⏱️  Perceived Latency: 3.93s (Agent Start: 24.85s - User End: 20.92s)
  💾 Saved: result_duet_dry_final.json

[52/100] finance_21_5e3c1fbece3a7b000a6fd95a
  🚀 Running LiveKit inference with provider=duet_dry_final...
  🔗 Streaming via livekit_inference.py into room: eval-f8c6f592
  ✅ livekit_inference.py finished successfully.
  🗣️  Running ASR on input audio...
  ⏱️  Measuring latency...
  🗣️  Running ASR on model output...
  📝 Transcript: Okay....
  ⏱️  Perceived Latency: 4.42s (Agent Start: 20.72s - User End: 16.3s)
  💾 Saved: result_duet_dry_final.json

[53/100] finance_22_5f4a4da1575d605c43bef871
  🚀 Running LiveKit inference with provider=duet_dry_final...
  🔗 Streaming via livekit_inference.py into room: eval-b7ecf134
  ✅ livekit_inference.py finished successfully.
  🗣️  Running ASR on input audio...
  ⏱️  Measuring latency...
  🗣️  Running ASR on model output...
  📝 Transcript: Okay....
  ⏱️  Perceived Latency: 4.02s (Agent Start: 23.12s - User End: 19.1s)
  💾 Saved: result_duet_dry_final.json

[54/100] finance_23_66f59c766e7e22e1f90d08f6
  🚀 Running LiveKit inference with provider=duet_dry_final...
  🔗 Streaming via livekit_inference.py into room: eval-176cdbc9
  ✅ livekit_inference.py finished successfully.
  🗣️  Running ASR on input audio...
  ⏱️  Measuring latency...
  🗣️  Running ASR on model output...
  📝 Transcript: Okay....
  ⏱️  Perceived Latency: 4.24s (Agent Start: 21.36s - User End: 17.12s)
  💾 Saved: result_duet_dry_final.json

[55/100] housing_01_62a885d5b6af18b3d4579e1b
  🚀 Running LiveKit inference with provider=duet_dry_final...
  🔗 Streaming via livekit_inference.py into room: eval-2d3229ec
  ✅ livekit_inference.py finished successfully.
  🗣️  Running ASR on input audio...
  ⏱️  Measuring latency...
  🗣️  Running ASR on model output...
  📝 Transcript: Okay....
  ⏱️  Perceived Latency: 3.48s (Agent Start: 13.04s - User End: 9.56s)
  💾 Saved: result_duet_dry_final.json

[56/100] housing_02_5f4a4da1575d605c43bef871
  🚀 Running LiveKit inference with provider=duet_dry_final...
  🔗 Streaming via livekit_inference.py into room: eval-bba10d14
  ✅ livekit_inference.py finished successfully.
  🗣️  Running ASR on input audio...
  ⏱️  Measuring latency...
  🗣️  Running ASR on model output...
  📝 Transcript: Okay....
  ⏱️  Perceived Latency: 4.97s (Agent Start: 18.64s - User End: 13.67s)
  💾 Saved: result_duet_dry_final.json

[57/100] housing_03_5f4a4da1575d605c43bef871
  🚀 Running LiveKit inference with provider=duet_dry_final...
  🔗 Streaming via livekit_inference.py into room: eval-f6327bc5
  ✅ livekit_inference.py finished successfully.
  🗣️  Running ASR on input audio...
  ⏱️  Measuring latency...
  🗣️  Running ASR on model output...
  📝 Transcript: Okay....
  ⏱️  Perceived Latency: 4.15s (Agent Start: 21.3s - User End: 17.15s)
  💾 Saved: result_duet_dry_final.json

[58/100] housing_04_695bd157114f0d2317f88617
  🚀 Running LiveKit inference with provider=duet_dry_final...
  🔗 Streaming via livekit_inference.py into room: eval-517277ab
  ✅ livekit_inference.py finished successfully.
  🗣️  Running ASR on input audio...
  ⏱️  Measuring latency...
  🗣️  Running ASR on model output...
  📝 Transcript: Okay. Okay....
  ⏱️  Perceived Latency: -3.28s (Agent Start: 14.64s - User End: 17.92s)
  💾 Saved: result_duet_dry_final.json

[59/100] housing_05_5ff07b5ee7a1d23e719e421e
  🚀 Running LiveKit inference with provider=duet_dry_final...
  🔗 Streaming via livekit_inference.py into room: eval-78348fdb
  ✅ livekit_inference.py finished successfully.
  🗣️  Running ASR on input audio...
  ⏱️  Measuring latency...
  🗣️  Running ASR on model output...
  📝 Transcript: Okay. Okay....
  ⏱️  Perceived Latency: -13.66s (Agent Start: 4.34s - User End: 18.0s)
  💾 Saved: result_duet_dry_final.json

[60/100] housing_05_61517db6a7589569521b2356
  🚀 Running LiveKit inference with provider=duet_dry_final...
  🔗 Streaming via livekit_inference.py into room: eval-47088fc5
  ✅ livekit_inference.py finished successfully.
  🗣️  Running ASR on input audio...
  ⏱️  Measuring latency...
  🗣️  Running ASR on model output...
  📝 Transcript: Okay. Okay....
  ⏱️  Perceived Latency: 5.19s (Agent Start: 24.59s - User End: 19.4s)
  💾 Saved: result_duet_dry_final.json

[61/100] housing_06_5f4a4da1575d605c43bef871
  🚀 Running LiveKit inference with provider=duet_dry_final...
  🔗 Streaming via livekit_inference.py into room: eval-e75063d2
  ✅ livekit_inference.py finished successfully.
  🗣️  Running ASR on input audio...
  ⏱️  Measuring latency...
  🗣️  Running ASR on model output...
  📝 Transcript: Okay....
  ⏱️  Perceived Latency: 4.91s (Agent Start: 18.93s - User End: 14.02s)
  💾 Saved: result_duet_dry_final.json

[62/100] housing_08_66f59c766e7e22e1f90d08f6
  🚀 Running LiveKit inference with provider=duet_dry_final...
  🔗 Streaming via livekit_inference.py into room: eval-540a5da8
  ✅ livekit_inference.py finished successfully.
  🗣️  Running ASR on input audio...
  ⏱️  Measuring latency...
  🗣️  Running ASR on model output...
  📝 Transcript: Okay....
  ⏱️  Perceived Latency: 4.67s (Agent Start: 17.49s - User End: 12.82s)
  💾 Saved: result_duet_dry_final.json

[63/100] housing_09_695bd157114f0d2317f88617
  🚀 Running LiveKit inference with provider=duet_dry_final...
  🔗 Streaming via livekit_inference.py into room: eval-ab5d8fc8
  ✅ livekit_inference.py finished successfully.
  🗣️  Running ASR on input audio...
  ⏱️  Measuring latency...
  🗣️  Running ASR on model output...
  📝 Transcript: Okay....
  ⏱️  Perceived Latency: 4.01s (Agent Start: 18.67s - User End: 14.66s)
  💾 Saved: result_duet_dry_final.json

[64/100] housing_10_66f59c766e7e22e1f90d08f6
  🚀 Running LiveKit inference with provider=duet_dry_final...
  🔗 Streaming via livekit_inference.py into room: eval-ab6e815d
  ✅ livekit_inference.py finished successfully.
  🗣️  Running ASR on input audio...
  ⏱️  Measuring latency...
  🗣️  Running ASR on model output...
  📝 Transcript: Okay....
  ⏱️  Perceived Latency: 4.07s (Agent Start: 20.56s - User End: 16.49s)
  💾 Saved: result_duet_dry_final.json

[65/100] housing_11_62a885d5b6af18b3d4579e1b
  🚀 Running LiveKit inference with provider=duet_dry_final...
  🔗 Streaming via livekit_inference.py into room: eval-435c313b
  ✅ livekit_inference.py finished successfully.
  🗣️  Running ASR on input audio...
  ⏱️  Measuring latency...
  🗣️  Running ASR on model output...
  📝 Transcript: Okay....
  ⏱️  Perceived Latency: 3.34s (Agent Start: 13.84s - User End: 10.5s)
  💾 Saved: result_duet_dry_final.json

[66/100] housing_13_5f4a4da1575d605c43bef871
  🚀 Running LiveKit inference with provider=duet_dry_final...
  🔗 Streaming via livekit_inference.py into room: eval-ecd23117
  ✅ livekit_inference.py finished successfully.
  🗣️  Running ASR on input audio...
  ⏱️  Measuring latency...
  🗣️  Running ASR on model output...
  📝 Transcript: Okay....
  ⏱️  Perceived Latency: 4.87s (Agent Start: 21.62s - User End: 16.75s)
  💾 Saved: result_duet_dry_final.json

[67/100] housing_14_5ff07b5ee7a1d23e719e421e
  🚀 Running LiveKit inference with provider=duet_dry_final...
  🔗 Streaming via livekit_inference.py into room: eval-0dea2708
  ✅ livekit_inference.py finished successfully.
  🗣️  Running ASR on input audio...
  ⏱️  Measuring latency...
  🗣️  Running ASR on model output...
  📝 Transcript: Okay....
  ⏱️  Perceived Latency: 4.06s (Agent Start: 21.71s - User End: 17.65s)
  💾 Saved: result_duet_dry_final.json

[68/100] housing_14_61517db6a7589569521b2356
  🚀 Running LiveKit inference with provider=duet_dry_final...
  🔗 Streaming via livekit_inference.py into room: eval-d7fabc19
  ✅ livekit_inference.py finished successfully.
  🗣️  Running ASR on input audio...
  ⏱️  Measuring latency...
  🗣️  Running ASR on model output...
  📝 Transcript: Okay....
  ⏱️  Perceived Latency: 4.01s (Agent Start: 24.11s - User End: 20.1s)
  💾 Saved: result_duet_dry_final.json

[69/100] housing_15_5ff07b5ee7a1d23e719e421e
  🚀 Running LiveKit inference with provider=duet_dry_final...
  🔗 Streaming via livekit_inference.py into room: eval-23f6a76d
  ✅ livekit_inference.py finished successfully.
  🗣️  Running ASR on input audio...
  ⏱️  Measuring latency...
  🗣️  Running ASR on model output...
  📝 Transcript: Okay....
  ⏱️  Perceived Latency: 4.20s (Agent Start: 21.9s - User End: 17.7s)
  💾 Saved: result_duet_dry_final.json

[70/100] housing_15_61517db6a7589569521b2356
  🚀 Running LiveKit inference with provider=duet_dry_final...
  🔗 Streaming via livekit_inference.py into room: eval-7f745486
  ✅ livekit_inference.py finished successfully.
  🗣️  Running ASR on input audio...
  ⏱️  Measuring latency...
  🗣️  Running ASR on model output...
  📝 Transcript: Okay. Okay. Okay....
  ⏱️  Perceived Latency: 4.77s (Agent Start: 23.82s - User End: 19.05s)
  💾 Saved: result_duet_dry_final.json

[71/100] housing_17_65e8cf8f4c7424fa062e54a3
  🚀 Running LiveKit inference with provider=duet_dry_final...
  🔗 Streaming via livekit_inference.py into room: eval-aad86f40
  ✅ livekit_inference.py finished successfully.
  🗣️  Running ASR on input audio...
  ⏱️  Measuring latency...
  🗣️  Running ASR on model output...
  📝 Transcript: Okay....
  ⏱️  Perceived Latency: 4.64s (Agent Start: 19.92s - User End: 15.28s)
  💾 Saved: result_duet_dry_final.json

[72/100] housing_17_69a9cf80f4d7668d5c815038
  🚀 Running LiveKit inference with provider=duet_dry_final...
  🔗 Streaming via livekit_inference.py into room: eval-ec8e7679
  ✅ livekit_inference.py finished successfully.
  🗣️  Running ASR on input audio...
  ⏱️  Measuring latency...
  🗣️  Running ASR on model output...
  📝 Transcript: Okay....
  ⏱️  Perceived Latency: 4.20s (Agent Start: 19.73s - User End: 15.53s)
  💾 Saved: result_duet_dry_final.json

[73/100] housing_18_66c4f3cb14cbfc4db836bd4e
  🚀 Running LiveKit inference with provider=duet_dry_final...
  🔗 Streaming via livekit_inference.py into room: eval-49624d1d
  ✅ livekit_inference.py finished successfully.
  🗣️  Running ASR on input audio...
  ⏱️  Measuring latency...
  🗣️  Running ASR on model output...
  📝 Transcript: Okay. Okay....
  ⏱️  Perceived Latency: 3.21s (Agent Start: 19.95s - User End: 16.74s)
  💾 Saved: result_duet_dry_final.json

[74/100] housing_19_62a885d5b6af18b3d4579e1b
  🚀 Running LiveKit inference with provider=duet_dry_final...
  🔗 Streaming via livekit_inference.py into room: eval-2a648af7
  ✅ livekit_inference.py finished successfully.
  🗣️  Running ASR on input audio...
  ⏱️  Measuring latency...
  🗣️  Running ASR on model output...
  📝 Transcript: Okay. Okay....
  ⏱️  Perceived Latency: 3.29s (Agent Start: 16.05s - User End: 12.76s)
  💾 Saved: result_duet_dry_final.json

[75/100] housing_20_62a885d5b6af18b3d4579e1b
  🚀 Running LiveKit inference with provider=duet_dry_final...
  🔗 Streaming via livekit_inference.py into room: eval-68dba843
  ✅ livekit_inference.py finished successfully.
  🗣️  Running ASR on input audio...
  ⏱️  Measuring latency...
  🗣️  Running ASR on model output...
  📝 Transcript: Okay. Okay....
  ⏱️  Perceived Latency: 3.23s (Agent Start: 19.89s - User End: 16.66s)
  💾 Saved: result_duet_dry_final.json

[76/100] housing_21_66c4f3cb14cbfc4db836bd4e
  🚀 Running LiveKit inference with provider=duet_dry_final...
  🔗 Streaming via livekit_inference.py into room: eval-c99e3523
  ✅ livekit_inference.py finished successfully.
  🗣️  Running ASR on input audio...
  ⏱️  Measuring latency...
  🗣️  Running ASR on model output...
  📝 Transcript: Okay....
  ⏱️  Perceived Latency: 3.28s (Agent Start: 22.1s - User End: 18.82s)
  💾 Saved: result_duet_dry_final.json

[77/100] housing_22_695bd157114f0d2317f88617
  🚀 Running LiveKit inference with provider=duet_dry_final...
  🔗 Streaming via livekit_inference.py into room: eval-702aa859
  ✅ livekit_inference.py finished successfully.
  🗣️  Running ASR on input audio...
  ⏱️  Measuring latency...
  🗣️  Running ASR on model output...
  📝 Transcript: Okay....
  ⏱️  Perceived Latency: 4.33s (Agent Start: 22.93s - User End: 18.6s)
  💾 Saved: result_duet_dry_final.json

[78/100] housing_24_65e8cf8f4c7424fa062e54a3
  🚀 Running LiveKit inference with provider=duet_dry_final...
  🔗 Streaming via livekit_inference.py into room: eval-c1e84817
  ✅ livekit_inference.py finished successfully.
  🗣️  Running ASR on input audio...
  ⏱️  Measuring latency...
  🗣️  Running ASR on model output...
  📝 Transcript: Okay....
  ⏱️  Perceived Latency: 4.14s (Agent Start: 29.58s - User End: 25.44s)
  💾 Saved: result_duet_dry_final.json

[79/100] housing_24_69a9cf80f4d7668d5c815038
  🚀 Running LiveKit inference with provider=duet_dry_final...
  🔗 Streaming via livekit_inference.py into room: eval-0ed672ed
  ✅ livekit_inference.py finished successfully.
  🗣️  Running ASR on input audio...
  ⏱️  Measuring latency...
  🗣️  Running ASR on model output...
  📝 Transcript: Okay. Okay....
  ⏱️  Perceived Latency: 3.07s (Agent Start: 30.93s - User End: 27.86s)
  💾 Saved: result_duet_dry_final.json

[80/100] housing_25_66f59c766e7e22e1f90d08f6
  🚀 Running LiveKit inference with provider=duet_dry_final...
  🔗 Streaming via livekit_inference.py into room: eval-e28536b7
  ✅ livekit_inference.py finished successfully.
  🗣️  Running ASR on input audio...
  ⏱️  Measuring latency...
  🗣️  Running ASR on model output...
  📝 Transcript: Okay....
  ⏱️  Perceived Latency: 3.98s (Agent Start: 23.73s - User End: 19.75s)
  💾 Saved: result_duet_dry_final.json

[81/100] travel_01_62a885d5b6af18b3d4579e1b
  🚀 Running LiveKit inference with provider=duet_dry_final...
  🔗 Streaming via livekit_inference.py into room: eval-f445293b
  ✅ livekit_inference.py finished successfully.
  🗣️  Running ASR on input audio...
  ⏱️  Measuring latency...
  🗣️  Running ASR on model output...
  📝 Transcript: Okay....
  ⏱️  Perceived Latency: 3.54s (Agent Start: 9.52s - User End: 5.98s)
  💾 Saved: result_duet_dry_final.json

[82/100] travel_02_5e3c1fbece3a7b000a6fd95a
  🚀 Running LiveKit inference with provider=duet_dry_final...
  🔗 Streaming via livekit_inference.py into room: eval-9ea7720c
  ✅ livekit_inference.py finished successfully.
  🗣️  Running ASR on input audio...
  ⏱️  Measuring latency...
  🗣️  Running ASR on model output...
  📝 Transcript: Okay....
  ⏱️  Perceived Latency: 4.26s (Agent Start: 17.04s - User End: 12.78s)
  💾 Saved: result_duet_dry_final.json

[83/100] travel_03_5ff07b5ee7a1d23e719e421e
  🚀 Running LiveKit inference with provider=duet_dry_final...
  🔗 Streaming via livekit_inference.py into room: eval-2d21c478
  ✅ livekit_inference.py finished successfully.
  🗣️  Running ASR on input audio...
  ⏱️  Measuring latency...
  🗣️  Running ASR on model output...
  📝 Transcript: Okay....
  ⏱️  Perceived Latency: 4.12s (Agent Start: 16.56s - User End: 12.44s)
  💾 Saved: result_duet_dry_final.json

[84/100] travel_03_61517db6a7589569521b2356
  🚀 Running LiveKit inference with provider=duet_dry_final...
  🔗 Streaming via livekit_inference.py into room: eval-2e90a5d1
  ✅ livekit_inference.py finished successfully.
  🗣️  Running ASR on input audio...
  ⏱️  Measuring latency...
  🗣️  Running ASR on model output...
  📝 Transcript: Okay....
  ⏱️  Perceived Latency: 4.08s (Agent Start: 16.18s - User End: 12.1s)
  💾 Saved: result_duet_dry_final.json

[85/100] travel_05_6998abd731d2ec50d067d5bd
  🚀 Running LiveKit inference with provider=duet_dry_final...
  🔗 Streaming via livekit_inference.py into room: eval-a1c12b8f
  ✅ livekit_inference.py finished successfully.
  🗣️  Running ASR on input audio...
  ⏱️  Measuring latency...
  🗣️  Running ASR on model output...
  📝 Transcript: Okay....
  ⏱️  Perceived Latency: 5.50s (Agent Start: 15.15s - User End: 9.65s)
  💾 Saved: result_duet_dry_final.json

[86/100] travel_07_5ff07b5ee7a1d23e719e421e
  🚀 Running LiveKit inference with provider=duet_dry_final...
  🔗 Streaming via livekit_inference.py into room: eval-c6923be7
  ✅ livekit_inference.py finished successfully.
  🗣️  Running ASR on input audio...
  ⏱️  Measuring latency...
  🗣️  Running ASR on model output...
  📝 Transcript: Okay....
  ⏱️  Perceived Latency: 3.99s (Agent Start: 18.1s - User End: 14.11s)
  💾 Saved: result_duet_dry_final.json

[87/100] travel_07_61517db6a7589569521b2356
  🚀 Running LiveKit inference with provider=duet_dry_final...
  🔗 Streaming via livekit_inference.py into room: eval-2b237a84
  ✅ livekit_inference.py finished successfully.
  🗣️  Running ASR on input audio...
  ⏱️  Measuring latency...
  🗣️  Running ASR on model output...
  📝 Transcript: Okay. Okay....
  ⏱️  Perceived Latency: 3.99s (Agent Start: 15.54s - User End: 11.55s)
  💾 Saved: result_duet_dry_final.json

[88/100] travel_08_695bd157114f0d2317f88617
  🚀 Running LiveKit inference with provider=duet_dry_final...
  🔗 Streaming via livekit_inference.py into room: eval-aa5f0519
  ✅ livekit_inference.py finished successfully.
  🗣️  Running ASR on input audio...
  ⏱️  Measuring latency...
  🗣️  Running ASR on model output...
  📝 Transcript: Okay. Okay....
  ⏱️  Perceived Latency: -2.25s (Agent Start: 7.73s - User End: 9.98s)
  💾 Saved: result_duet_dry_final.json

[89/100] travel_10_5f4a4da1575d605c43bef871
  🚀 Running LiveKit inference with provider=duet_dry_final...
  🔗 Streaming via livekit_inference.py into room: eval-0258b6b6
  ✅ livekit_inference.py finished successfully.
  🗣️  Running ASR on input audio...
  ⏱️  Measuring latency...
  🗣️  Running ASR on model output...
  📝 Transcript: Okay. Okay....
  ⏱️  Perceived Latency: 1.24s (Agent Start: 8.46s - User End: 7.22s)
  💾 Saved: result_duet_dry_final.json

[90/100] travel_11_66c4f3cb14cbfc4db836bd4e
  🚀 Running LiveKit inference with provider=duet_dry_final...
  🔗 Streaming via livekit_inference.py into room: eval-1a7dfa2a
  ✅ livekit_inference.py finished successfully.
  🗣️  Running ASR on input audio...
  ⏱️  Measuring latency...
  🗣️  Running ASR on model output...
  📝 Transcript: Okay....
  ⏱️  Perceived Latency: 3.65s (Agent Start: 13.65s - User End: 10.0s)
  💾 Saved: result_duet_dry_final.json

[91/100] travel_14_66c4f3cb14cbfc4db836bd4e
  🚀 Running LiveKit inference with provider=duet_dry_final...
  🔗 Streaming via livekit_inference.py into room: eval-3252c710
  ✅ livekit_inference.py finished successfully.
  🗣️  Running ASR on input audio...
  ⏱️  Measuring latency...
  🗣️  Running ASR on model output...
  📝 Transcript: Okay....
  ⏱️  Perceived Latency: 3.23s (Agent Start: 14.03s - User End: 10.8s)
  💾 Saved: result_duet_dry_final.json

[92/100] travel_16_66f59c766e7e22e1f90d08f6
  🚀 Running LiveKit inference with provider=duet_dry_final...
  🔗 Streaming via livekit_inference.py into room: eval-5444c7c5
  ✅ livekit_inference.py finished successfully.
  🗣️  Running ASR on input audio...
  ⏱️  Measuring latency...
  🗣️  Running ASR on model output...
  📝 Transcript: Okay....
  ⏱️  Perceived Latency: 4.22s (Agent Start: 18.03s - User End: 13.81s)
  💾 Saved: result_duet_dry_final.json

[93/100] travel_18_66f59c766e7e22e1f90d08f6
  🚀 Running LiveKit inference with provider=duet_dry_final...
  🔗 Streaming via livekit_inference.py into room: eval-5753966e
  ✅ livekit_inference.py finished successfully.
  🗣️  Running ASR on input audio...
  ⏱️  Measuring latency...
  🗣️  Running ASR on model output...
  📝 Transcript: Okay. Okay....
  ⏱️  Perceived Latency: 3.19s (Agent Start: 23.92s - User End: 20.73s)
  💾 Saved: result_duet_dry_final.json

[94/100] travel_19_695bd157114f0d2317f88617
  🚀 Running LiveKit inference with provider=duet_dry_final...
  🔗 Streaming via livekit_inference.py into room: eval-3f914b51
  ✅ livekit_inference.py finished successfully.
  🗣️  Running ASR on input audio...
  ⏱️  Measuring latency...
  🗣️  Running ASR on model output...
  📝 Transcript: Okay....
  ⏱️  Perceived Latency: 3.21s (Agent Start: 20.14s - User End: 16.93s)
  💾 Saved: result_duet_dry_final.json

[95/100] travel_20_62a885d5b6af18b3d4579e1b
  🚀 Running LiveKit inference with provider=duet_dry_final...
  🔗 Streaming via livekit_inference.py into room: eval-74644fe8
  ✅ livekit_inference.py finished successfully.
  🗣️  Running ASR on input audio...
  ⏱️  Measuring latency...
  🗣️  Running ASR on model output...
  📝 Transcript: Okay. Okay....
  ⏱️  Perceived Latency: 3.45s (Agent Start: 19.25s - User End: 15.8s)
  💾 Saved: result_duet_dry_final.json

[96/100] travel_21_65e8cf8f4c7424fa062e54a3
  🚀 Running LiveKit inference with provider=duet_dry_final...
  🔗 Streaming via livekit_inference.py into room: eval-1eac2e6e
  ✅ livekit_inference.py finished successfully.
  🗣️  Running ASR on input audio...
  ⏱️  Measuring latency...
  🗣️  Running ASR on model output...
  📝 Transcript: Okay....
  ⏱️  Perceived Latency: 4.36s (Agent Start: 23.6s - User End: 19.24s)
  💾 Saved: result_duet_dry_final.json

[97/100] travel_21_69a9cf80f4d7668d5c815038
  🚀 Running LiveKit inference with provider=duet_dry_final...
  🔗 Streaming via livekit_inference.py into room: eval-945fa453
  ✅ livekit_inference.py finished successfully.
  🗣️  Running ASR on input audio...
  ⏱️  Measuring latency...
  🗣️  Running ASR on model output...
  📝 Transcript: Okay. Okay....
  ⏱️  Perceived Latency: 3.36s (Agent Start: 25.78s - User End: 22.42s)
  💾 Saved: result_duet_dry_final.json

[98/100] travel_23_65e8cf8f4c7424fa062e54a3
  🚀 Running LiveKit inference with provider=duet_dry_final...
  🔗 Streaming via livekit_inference.py into room: eval-97beab04
  ✅ livekit_inference.py finished successfully.
  🗣️  Running ASR on input audio...
  ⏱️  Measuring latency...
  🗣️  Running ASR on model output...
  📝 Transcript: Okay....
  ⏱️  Perceived Latency: 4.07s (Agent Start: 26.0s - User End: 21.93s)
  💾 Saved: result_duet_dry_final.json

[99/100] travel_23_69a9cf80f4d7668d5c815038
  🚀 Running LiveKit inference with provider=duet_dry_final...
  🔗 Streaming via livekit_inference.py into room: eval-a1107587
  ✅ livekit_inference.py finished successfully.
  🗣️  Running ASR on input audio...
  ⏱️  Measuring latency...
  🗣️  Running ASR on model output...
  📝 Transcript: Okay. Okay. Okay....
  ⏱️  Perceived Latency: 3.15s (Agent Start: 4.4s - User End: 1.25s)
  💾 Saved: result_duet_dry_final.json

[100/100] travel_24_695bd157114f0d2317f88617
  🚀 Running LiveKit inference with provider=duet_dry_final...
  🔗 Streaming via livekit_inference.py into room: eval-e1147c2a
  ✅ livekit_inference.py finished successfully.
  🗣️  Running ASR on input audio...
  ⏱️  Measuring latency...
  🗣️  Running ASR on model output...
  📝 Transcript: Okay. Okay....
  ⏱️  Perceived Latency: -12.53s (Agent Start: 13.1s - User End: 25.63s)
  💾 Saved: result_duet_dry_final.json

finished 100 items in 113.2 min
